Component: ARM Compiler 5.06 update 6 (build 750) Tool: armlink [4d35ed]

==============================================================================

Section Cross References

    startup_stm32f407xx.o(RESET) refers to startup_stm32f407xx.o(STACK) for __initial_sp
    startup_stm32f407xx.o(RESET) refers to startup_stm32f407xx.o(.text) for Reset_Handler
    startup_stm32f407xx.o(RESET) refers to stm32f4xx_it.o(i.NMI_Handler) for NMI_Handler
    startup_stm32f407xx.o(RESET) refers to stm32f4xx_it.o(i.HardFault_Handler) for HardFault_Handler
    startup_stm32f407xx.o(RESET) refers to stm32f4xx_it.o(i.MemManage_Handler) for MemManage_Handler
    startup_stm32f407xx.o(RESET) refers to stm32f4xx_it.o(i.BusFault_Handler) for BusFault_Handler
    startup_stm32f407xx.o(RESET) refers to stm32f4xx_it.o(i.UsageFault_Handler) for UsageFault_Handler
    startup_stm32f407xx.o(RESET) refers to stm32f4xx_it.o(i.SVC_Handler) for SVC_Handler
    startup_stm32f407xx.o(RESET) refers to stm32f4xx_it.o(i.DebugMon_Handler) for DebugMon_Handler
    startup_stm32f407xx.o(RESET) refers to stm32f4xx_it.o(i.PendSV_Handler) for PendSV_Handler
    startup_stm32f407xx.o(RESET) refers to stm32f4xx_it.o(i.SysTick_Handler) for SysTick_Handler
    startup_stm32f407xx.o(.text) refers to system_stm32f4xx.o(i.SystemInit) for SystemInit
    startup_stm32f407xx.o(.text) refers to entry.o(.ARM.Collect$$$$00000000) for __main
    stm_my_lcd16x2.o(i.LCD1602_1stLine) refers to stm_my_lcd16x2.o(i.LCD1602_setCursor) for LCD1602_setCursor
    stm_my_lcd16x2.o(i.LCD1602_2ndLine) refers to stm_my_lcd16x2.o(i.LCD1602_setCursor) for LCD1602_setCursor
    stm_my_lcd16x2.o(i.LCD1602_Begin4BIT) refers to stm_my_lcd16x2.o(i.LCD1602_TIM_Config) for LCD1602_TIM_Config
    stm_my_lcd16x2.o(i.LCD1602_Begin4BIT) refers to stm32f4xx_hal.o(i.HAL_Delay) for HAL_Delay
    stm_my_lcd16x2.o(i.LCD1602_Begin4BIT) refers to stm_my_lcd16x2.o(i.LCD1602_write4bitCommand) for LCD1602_write4bitCommand
    stm_my_lcd16x2.o(i.LCD1602_Begin4BIT) refers to stm_my_lcd16x2.o(i.LCD1602_writeCommand) for LCD1602_writeCommand
    stm_my_lcd16x2.o(i.LCD1602_Begin4BIT) refers to stm_my_lcd16x2.o(.data) for .data
    stm_my_lcd16x2.o(i.LCD1602_Begin8BIT) refers to stm_my_lcd16x2.o(i.LCD1602_TIM_Config) for LCD1602_TIM_Config
    stm_my_lcd16x2.o(i.LCD1602_Begin8BIT) refers to stm32f4xx_hal.o(i.HAL_Delay) for HAL_Delay
    stm_my_lcd16x2.o(i.LCD1602_Begin8BIT) refers to stm_my_lcd16x2.o(i.LCD1602_writeCommand) for LCD1602_writeCommand
    stm_my_lcd16x2.o(i.LCD1602_Begin8BIT) refers to stm_my_lcd16x2.o(.data) for .data
    stm_my_lcd16x2.o(i.LCD1602_EnablePulse) refers to stm32f4xx_hal_gpio.o(i.HAL_GPIO_WritePin) for HAL_GPIO_WritePin
    stm_my_lcd16x2.o(i.LCD1602_EnablePulse) refers to stm_my_lcd16x2.o(i.LCD1602_TIM_MicorSecDelay) for LCD1602_TIM_MicorSecDelay
    stm_my_lcd16x2.o(i.LCD1602_EnablePulse) refers to stm_my_lcd16x2.o(.data) for .data
    stm_my_lcd16x2.o(i.LCD1602_OneLine) refers to stm_my_lcd16x2.o(i.LCD1602_writeCommand) for LCD1602_writeCommand
    stm_my_lcd16x2.o(i.LCD1602_OneLine) refers to stm_my_lcd16x2.o(.data) for .data
    stm_my_lcd16x2.o(i.LCD1602_PrintFloat) refers to f2d.o(.text) for __aeabi_f2d
    stm_my_lcd16x2.o(i.LCD1602_PrintFloat) refers to printfa.o(i.__0sprintf) for __2sprintf
    stm_my_lcd16x2.o(i.LCD1602_PrintFloat) refers to stm_my_lcd16x2.o(i.LCD1602_print) for LCD1602_print
    stm_my_lcd16x2.o(i.LCD1602_PrintInt) refers to printfa.o(i.__0sprintf) for __2sprintf
    stm_my_lcd16x2.o(i.LCD1602_PrintInt) refers to stm_my_lcd16x2.o(i.LCD1602_print) for LCD1602_print
    stm_my_lcd16x2.o(i.LCD1602_RS) refers to stm32f4xx_hal_gpio.o(i.HAL_GPIO_WritePin) for HAL_GPIO_WritePin
    stm_my_lcd16x2.o(i.LCD1602_RS) refers to stm_my_lcd16x2.o(.data) for .data
    stm_my_lcd16x2.o(i.LCD1602_TIM_Config) refers to stm32f4xx_hal_rcc.o(i.HAL_RCC_GetClockConfig) for HAL_RCC_GetClockConfig
    stm_my_lcd16x2.o(i.LCD1602_TIM_Config) refers to stm32f4xx_hal_rcc.o(i.HAL_RCC_GetPCLK1Freq) for HAL_RCC_GetPCLK1Freq
    stm_my_lcd16x2.o(i.LCD1602_TIM_Config) refers to dfltui.o(.text) for __aeabi_ui2d
    stm_my_lcd16x2.o(i.LCD1602_TIM_Config) refers to dmul.o(.text) for __aeabi_dmul
    stm_my_lcd16x2.o(i.LCD1602_TIM_Config) refers to dfixui.o(.text) for __aeabi_d2uiz
    stm_my_lcd16x2.o(i.LCD1602_TwoLines) refers to stm_my_lcd16x2.o(i.LCD1602_writeCommand) for LCD1602_writeCommand
    stm_my_lcd16x2.o(i.LCD1602_TwoLines) refers to stm_my_lcd16x2.o(.data) for .data
    stm_my_lcd16x2.o(i.LCD1602_blink) refers to stm_my_lcd16x2.o(i.LCD1602_writeCommand) for LCD1602_writeCommand
    stm_my_lcd16x2.o(i.LCD1602_blink) refers to stm_my_lcd16x2.o(.data) for .data
    stm_my_lcd16x2.o(i.LCD1602_clear) refers to stm_my_lcd16x2.o(i.LCD1602_writeCommand) for LCD1602_writeCommand
    stm_my_lcd16x2.o(i.LCD1602_clear) refers to stm32f4xx_hal.o(i.HAL_Delay) for HAL_Delay
[...]
    i.MX_GPIO_Init                           0x08003218   Section        0  main.o(i.MX_GPIO_Init)
    MX_GPIO_Init                             0x08003219   Thumb Code   184  main.o(i.MX_GPIO_Init)
    i.MemManage_Handler                      0x080032e0   Section        0  stm32f4xx_it.o(i.MemManage_Handler)
    i.NMI_Handler                            0x080032e2   Section        0  stm32f4xx_it.o(i.NMI_Handler)
    i.PendSV_Handler                         0x080032e4   Section        0  stm32f4xx_it.o(i.PendSV_Handler)
    i.Read_Adc                               0x080032e8   Section        0  main.o(i.Read_Adc)
    i.SDIO_ConfigData                        0x08003340   Section        0  stm32f4xx_ll_sdmmc.o(i.SDIO_ConfigData)
    i.SDIO_GetPowerState                     0x08003364   Section        0  stm32f4xx_ll_sdmmc.o(i.SDIO_GetPowerState)
    i.SDIO_GetResponse                       0x0800336c   Section        0  stm32f4xx_ll_sdmmc.o(i.SDIO_GetResponse)
    i.SDIO_Init                              0x08003372   Section        0  stm32f4xx_ll_sdmmc.o(i.SDIO_Init)
    i.SDIO_PowerState_ON                     0x08003396   Section        0  stm32f4xx_ll_sdmmc.o(i.SDIO_PowerState_ON)
    i.SDIO_ReadFIFO                          0x080033a6   Section        0  stm32f4xx_ll_sdmmc.o(i.SDIO_ReadFIFO)
    i.SDIO_SendCommand                       0x080033ac   Section        0  stm32f4xx_ll_sdmmc.o(i.SDIO_SendCommand)
    i.SDIO_WriteFIFO                         0x080033cc   Section        0  stm32f4xx_ll_sdmmc.o(i.SDIO_WriteFIFO)
    i.SDMMC_CmdAppCommand                    0x080033d6   Section        0  stm32f4xx_ll_sdmmc.o(i.SDMMC_CmdAppCommand)
    i.SDMMC_CmdAppOperCommand                0x08003408   Section        0  stm32f4xx_ll_sdmmc.o(i.SDMMC_CmdAppOperCommand)
    i.SDMMC_CmdBlockLength                   0x0800343c   Section        0  stm32f4xx_ll_sdmmc.o(i.SDMMC_CmdBlockLength)
    i.SDMMC_CmdGoIdleState                   0x08003470   Section        0  stm32f4xx_ll_sdmmc.o(i.SDMMC_CmdGoIdleState)
    i.SDMMC_CmdOperCond                      0x080034c0   Section        0  stm32f4xx_ll_sdmmc.o(i.SDMMC_CmdOperCond)
    i.SDMMC_CmdReadMultiBlock                0x08003534   Section        0  stm32f4xx_ll_sdmmc.o(i.SDMMC_CmdReadMultiBlock)
    i.SDMMC_CmdReadSingleBlock               0x08003566   Section        0  stm32f4xx_ll_sdmmc.o(i.SDMMC_CmdReadSingleBlock)
    i.SDMMC_CmdSelDesel                      0x08003598   Section        0  stm32f4xx_ll_sdmmc.o(i.SDMMC_CmdSelDesel)
    i.SDMMC_CmdSendCID                       0x080035ca   Section        0  stm32f4xx_ll_sdmmc.o(i.SDMMC_CmdSendCID)
    i.SDMMC_CmdSendCSD                       0x080035f6   Section        0  stm32f4xx_ll_sdmmc.o(i.SDMMC_CmdSendCSD)
    i.SDMMC_CmdSendStatus                    0x08003622   Section        0  stm32f4xx_ll_sdmmc.o(i.SDMMC_CmdSendStatus)
    i.SDMMC_CmdSetRelAdd                     0x08003654   Section        0  stm32f4xx_ll_sdmmc.o(i.SDMMC_CmdSetRelAdd)
    i.SDMMC_CmdStopTransfer                  0x08003684   Section        0  stm32f4xx_ll_sdmmc.o(i.SDMMC_CmdStopTransfer)
    i.SDMMC_CmdWriteMultiBlock               0x080036b8   Section        0  stm32f4xx_ll_sdmmc.o(i.SDMMC_CmdWriteMultiBlock)
    i.SDMMC_CmdWriteSingleBlock              0x080036ea   Section        0  stm32f4xx_ll_sdmmc.o(i.SDMMC_CmdWriteSingleBlock)
    i.SDMMC_GetCmdResp1                      0x0800371c   Section        0  stm32f4xx_ll_sdmmc.o(i.SDMMC_GetCmdResp1)
    SDMMC_GetCmdResp1                        0x0800371d   Thumb Code   278  stm32f4xx_ll_sdmmc.o(i.SDMMC_GetCmdResp1)
    i.SDMMC_GetCmdResp2                      0x0800383c   Section        0  stm32f4xx_ll_sdmmc.o(i.SDMMC_GetCmdResp2)
    SDMMC_GetCmdResp2                        0x0800383d   Thumb Code    76  stm32f4xx_ll_sdmmc.o(i.SDMMC_GetCmdResp2)
    i.SDMMC_GetCmdResp3                      0x0800388c   Section        0  stm32f4xx_ll_sdmmc.o(i.SDMMC_GetCmdResp3)
    SDMMC_GetCmdResp3                        0x0800388d   Thumb Code    62  stm32f4xx_ll_sdmmc.o(i.SDMMC_GetCmdResp3)
    i.SDMMC_GetCmdResp6                      0x080038d0   Section        0  stm32f4xx_ll_sdmmc.o(i.SDMMC_GetCmdResp6)
    SDMMC_GetCmdResp6                        0x080038d1   Thumb Code   130  stm32f4xx_ll_sdmmc.o(i.SDMMC_GetCmdResp6)
    i.SD_CheckStatus                         0x08003958   Section        0  sd_diskio.o(i.SD_CheckStatus)
    SD_CheckStatus                           0x08003959   Thumb Code    26  sd_diskio.o(i.SD_CheckStatus)
    i.SD_InitCard                            0x08003978   Section        0  stm32f4xx_hal_sd.o(i.SD_InitCard)
    SD_InitCard                              0x08003979   Thumb Code   238  stm32f4xx_hal_sd.o(i.SD_InitCard)
    i.SD_PowerON                             0x08003a68   Section        0  stm32f4xx_hal_sd.o(i.SD_PowerON)
    SD_PowerON                               0x08003a69   Thumb Code   174  stm32f4xx_hal_sd.o(i.SD_PowerON)
    i.SD_initialize                          0x08003b1c   Section        0  sd_diskio.o(i.SD_initialize)
    i.SD_ioctl                               0x08003b3c   Section        0  sd_diskio.o(i.SD_ioctl)
    i.SD_read                                0x08003b8c   Section        0  sd_diskio.o(i.SD_read)
    i.SD_status                              0x08003bb2   Section        0  sd_diskio.o(i.SD_status)
    i.SD_write                               0x08003bb8   Section        0  sd_diskio.o(i.SD_write)
    i.SHT3X_Update                           0x08003be0   Section        0  sht3x.o(i.SHT3X_Update)
    i.SHT3X_getHumidity                      0x08003c18   Section        0  sht3x.o(i.SHT3X_getHumidity)
    i.SHT3X_getTemperature                   0x08003c68   Section        0  sht3x.o(i.SHT3X_getTemperature)
    i.SVC_Handler                            0x08003cc4   Section        0  stm32f4xx_it.o(i.SVC_Handler)
    i.SysTick_Handler                        0x08003cc6   Section        0  stm32f4xx_it.o(i.SysTick_Handler)
    i.SystemClock_Config                     0x08003ccc   Section        0  main.o(i.SystemClock_Config)
    i.SystemInit                             0x08003d50   Section        0  system_stm32f4xx.o(i.SystemInit)
    i.UART_SetConfig                         0x08003d6c   Section        0  stm32f4xx_hal_uart.o(i.UART_SetConfig)
    UART_SetConfig                           0x08003d6d   Thumb Code   286  stm32f4xx_hal_uart.o(i.UART_SetConfig)
    i.USART_Puts                             0x08003e94   Section        0  main.o(i.USART_Puts)
    i.UsageFault_Handler                     0x08003eae   Section        0  stm32f4xx_it.o(i.UsageFault_Handler)
    i.__0sprintf                             0x08003eb0   Section        0  printfa.o(i.__0sprintf)
    i.__ARM_fpclassify                       0x08003ed8   Section        0  fpclassify.o(i.__ARM_fpclassify)
    i.__NVIC_SetPriority                     0x08003f08   Section        0  stm32f4xx_hal_cortex.o(i.__NVIC_SetPriority)
    __NVIC_SetPriority                       0x08003f09   Thumb Code    32  stm32f4xx_hal_cortex.o(i.__NVIC_SetPriority)
    i.__hardfp_pow                           0x08003f28   Section        0  pow.o(i.__hardfp_pow)
    i.__kernel_poly                          0x08004b78   Section        0  poly.o(i.__kernel_poly)
    i.__mathlib_dbl_divzero                  0x08004c70   Section        0  dunder.o(i.__mathlib_dbl_divzero)
    i.__mathlib_dbl_infnan2                  0x08004ca0   Section        0  dunder.o(i.__mathlib_dbl_infnan2)
    i.__mathlib_dbl_invalid                  0x08004cb8   Section        0  dunder.o(i.__mathlib_dbl_invalid)
    i.__mathlib_dbl_overflow                 0x08004cd8   Section        0  dunder.o(i.__mathlib_dbl_overflow)
    i.__mathlib_dbl_underflow                0x08004cf8   Section        0  dunder.o(i.__mathlib_dbl_underflow)
    i.__scatterload_copy                     0x08004d18   Section       14  handlers.o(i.__scatterload_copy)
    i.__scatterload_null                     0x08004d26   Section        2  handlers.o(i.__scatterload_null)
    i.__scatterload_zeroinit                 0x08004d28   Section       14  handlers.o(i.__scatterload_zeroinit)
    i.__set_errno                            0x08004d38   Section        0  errno.o(i.__set_errno)
    i._fp_digits                             0x08004d44   Section        0  printfa.o(i._fp_digits)
    _fp_digits                               0x08004d45   Thumb Code   366  printfa.o(i._fp_digits)
    i._printf_core                           0x08004ec8   Section        0  printfa.o(i._printf_core)
    _printf_core                             0x08004ec9   Thumb Code  1744  printfa.o(i._printf_core)
    i._printf_post_padding                   0x080055a4   Section        0  printfa.o(i._printf_post_padding)
    _printf_post_padding                     0x080055a5   Thumb Code    36  printfa.o(i._printf_post_padding)
    i._printf_pre_padding                    0x080055c8   Section        0  printfa.o(i._printf_pre_padding)
    _printf_pre_padding                      0x080055c9   Thumb Code    46  printfa.o(i._printf_pre_padding)
    i._sputc                                 0x080055f6   Section        0  printfa.o(i._sputc)
    _sputc                                   0x080055f7   Thumb Code    10  printfa.o(i._sputc)
    i.bmp_init                               0x08005600   Section        0  bmp085.o(i.bmp_init)
    i.check_fs                               0x08005670   Section        0  ff.o(i.check_fs)
    check_fs                                 0x08005671   Thumb Code   102  ff.o(i.check_fs)
    i.chk_lock                               0x080056e0   Section        0  ff.o(i.chk_lock)
    chk_lock                                 0x080056e1   Thumb Code    86  ff.o(i.chk_lock)
    i.clear_lock                             0x0800573c   Section        0  ff.o(i.clear_lock)
    clear_lock                               0x0800573d   Thumb Code    28  ff.o(i.clear_lock)
    i.clmt_clust                             0x0800575c   Section        0  ff.o(i.clmt_clust)
    clmt_clust                               0x0800575d   Thumb Code    36  ff.o(i.clmt_clust)
    i.clust2sect                             0x08005780   Section        0  ff.o(i.clust2sect)
    clust2sect                               0x08005781   Thumb Code    24  ff.o(i.clust2sect)
    i.create_chain                           0x08005798   Section        0  ff.o(i.create_chain)
    create_chain                             0x08005799   Thumb Code   164  ff.o(i.create_chain)
    i.create_name                            0x0800583c   Section        0  ff.o(i.create_name)
    create_name                              0x0800583d   Thumb Code   168  ff.o(i.create_name)
    i.dec_lock                               0x080058f8   Section        0  ff.o(i.dec_lock)
    dec_lock                                 0x080058f9   Thumb Code    48  ff.o(i.dec_lock)
    i.dir_find                               0x0800592c   Section        0  ff.o(i.dir_find)
    dir_find                                 0x0800592d   Thumb Code   100  ff.o(i.dir_find)
    i.dir_next                               0x08005990   Section        0  ff.o(i.dir_next)
    dir_next                                 0x08005991   Thumb Code   244  ff.o(i.dir_next)
    i.dir_register                           0x08005a84   Section        0  ff.o(i.dir_register)
    dir_register                             0x08005a85   Thumb Code   102  ff.o(i.dir_register)
    i.dir_sdi                                0x08005aea   Section        0  ff.o(i.dir_sdi)
    dir_sdi                                  0x08005aeb   Thumb Code   130  ff.o(i.dir_sdi)
    i.disk_initialize                        0x08005b6c   Section        0  diskio.o(i.disk_initialize)
    i.disk_ioctl                             0x08005b94   Section        0  diskio.o(i.disk_ioctl)
    i.disk_read                              0x08005bb0   Section        0  diskio.o(i.disk_read)
    i.disk_status                            0x08005bcc   Section        0  diskio.o(i.disk_status)
    i.disk_write                             0x08005be4   Section        0  diskio.o(i.disk_write)
    i.f_close                                0x08005c00   Section        0  ff.o(i.f_close)
    i.f_mount                                0x08005c28   Section        0  ff.o(i.f_mount)
    i.f_open                                 0x08005c80   Section        0  ff.o(i.f_open)
    i.f_sync                                 0x08005e8c   Section        0  ff.o(i.f_sync)
    i.f_write                                0x08005f1a   Section        0  ff.o(i.f_write)
    i.fabs                                   0x080060a8   Section        0  fabs.o(i.fabs)
    i.find_volume                            0x080060c0   Section        0  ff.o(i.find_volume)
    find_volume                              0x080060c1   Thumb Code   582  ff.o(i.find_volume)
    i.follow_path                            0x08006314   Section        0  ff.o(i.follow_path)
    follow_path                              0x08006315   Thumb Code   116  ff.o(i.follow_path)
    i.get_altitude                           0x08006388   Section        0  bmp085.o(i.get_altitude)
    i.get_fat                                0x08006414   Section        0  ff.o(i.get_fat)
    get_fat                                  0x08006415   Thumb Code   190  ff.o(i.get_fat)
    i.get_fattime                            0x080064d2   Section        0  fatfs.o(i.get_fattime)
    i.get_ldnumber                           0x080064d6   Section        0  ff.o(i.get_ldnumber)
    get_ldnumber                             0x080064d7   Thumb Code    60  ff.o(i.get_ldnumber)
    i.get_pressure                           0x08006514   Section        0  bmp085.o(i.get_pressure)
    i.get_temp                               0x080065f0   Section        0  bmp085.o(i.get_temp)
    i.get_up                                 0x08006658   Section        0  bmp085.o(i.get_up)
    i.get_ut                                 0x080066c0   Section        0  bmp085.o(i.get_ut)
    i.inc_lock                               0x08006708   Section        0  ff.o(i.inc_lock)
    inc_lock                                 0x08006709   Thumb Code   124  ff.o(i.inc_lock)
    i.ld_clust                               0x08006788   Section        0  ff.o(i.ld_clust)
    ld_clust                                 0x08006789   Thumb Code    38  ff.o(i.ld_clust)
    i.ld_dword                               0x080067ae   Section        0  ff.o(i.ld_dword)
    ld_dword                                 0x080067af   Thumb Code    22  ff.o(i.ld_dword)
    i.ld_word                                0x080067c4   Section        0  ff.o(i.ld_word)
    ld_word                                  0x080067c5   Thumb Code    10  ff.o(i.ld_word)
    i.main                                   0x080067d0   Section        0  main.o(i.main)
    i.mem_cpy                                0x08006a4c   Section        0  ff.o(i.mem_cpy)
    mem_cpy                                  0x08006a4d   Thumb Code    18  ff.o(i.mem_cpy)
    i.mem_set                                0x08006a60   Section        0  ff.o(i.mem_set)
    mem_set                                  0x08006a61   Thumb Code    14  ff.o(i.mem_set)
    i.move_window                            0x08006a6e   Section        0  ff.o(i.move_window)
    move_window                              0x08006a6f   Thumb Code    50  ff.o(i.move_window)
    i.put_fat                                0x08006aa0   Section        0  ff.o(i.put_fat)
    put_fat                                  0x08006aa1   Thumb Code   234  ff.o(i.put_fat)
    i.read_calib_data                        0x08006b8c   Section        0  bmp085.o(i.read_calib_data)
    read_calib_data                          0x08006b8d   Thumb Code   106  bmp085.o(i.read_calib_data)
    i.remove_chain                           0x08006bfc   Section        0  ff.o(i.remove_chain)
    remove_chain                             0x08006bfd   Thumb Code   116  ff.o(i.remove_chain)
    i.sqrt                                   0x08006c70   Section        0  sqrt.o(i.sqrt)
    i.st_clust                               0x08006cde   Section        0  ff.o(i.st_clust)
    st_clust                                 0x08006cdf   Thumb Code    40  ff.o(i.st_clust)
    i.st_dword                               0x08006d06   Section        0  ff.o(i.st_dword)
    st_dword                                 0x08006d07   Thumb Code    16  ff.o(i.st_dword)
    i.st_word                                0x08006d16   Section        0  ff.o(i.st_word)
    st_word                                  0x08006d17   Thumb Code     8  ff.o(i.st_word)
    i.sync_fs                                0x08006d20   Section        0  ff.o(i.sync_fs)
    sync_fs                                  0x08006d21   Thumb Code   126  ff.o(i.sync_fs)
    i.sync_window                            0x08006da8   Section        0  ff.o(i.sync_window)
    sync_window                              0x08006da9   Thumb Code    82  ff.o(i.sync_window)
    i.validate                               0x08006dfa   Section        0  ff.o(i.validate)
    validate                                 0x08006dfb   Thumb Code    52  ff.o(i.validate)
    .constdata                               0x08006e30   Section       20  sd_diskio.o(.constdata)
    .constdata                               0x08006e44   Section       16  system_stm32f4xx.o(.constdata)
    .constdata                               0x08006e54   Section        8  system_stm32f4xx.o(.constdata)
    .constdata                               0x08006e5c   Section      156  ff.o(.constdata)
    ExCvt                                    0x08006e5c   Data         128  ff.o(.constdata)
    cst                                      0x08006edc   Data          14  ff.o(.constdata)
    cst32                                    0x08006eea   Data          14  ff.o(.constdata)
    .constdata                               0x08006ef8   Section      136  pow.o(.constdata)
    bp                                       0x08006ef8   Data          16  pow.o(.constdata)
    dp_h                                     0x08006f08   Data          16  pow.o(.constdata)
    dp_l                                     0x08006f18   Data          16  pow.o(.constdata)
    L                                        0x08006f28   Data          48  pow.o(.constdata)
    P                                        0x08006f58   Data          40  pow.o(.constdata)
    .constdata                               0x08006f80   Section        8  qnan.o(.constdata)
    .conststring                             0x08006f88   Section       84  main.o(.conststring)
    .data                                    0x20000000   Section       36  stm_my_lcd16x2.o(.data)
    mode_8_4_I2C                             0x20000000   Data           1  stm_my_lcd16x2.o(.data)
    DisplayControl                           0x20000001   Data           1  stm_my_lcd16x2.o(.data)
    FunctionSet                              0x20000002   Data           1  stm_my_lcd16x2.o(.data)
    PIN_RS                                   0x20000004   Data           2  stm_my_lcd16x2.o(.data)
    PIN_E                                    0x20000006   Data           2  stm_my_lcd16x2.o(.data)
    D0_PIN                                   0x20000008   Data           2  stm_my_lcd16x2.o(.data)
    D1_PIN                                   0x2000000a   Data           2  stm_my_lcd16x2.o(.data)
    D2_PIN                                   0x2000000c   Data           2  stm_my_lcd16x2.o(.data)
    D3_PIN                                   0x2000000e   Data           2  stm_my_lcd16x2.o(.data)
    D4_PIN                                   0x20000010   Data           2  stm_my_lcd16x2.o(.data)
    D5_PIN                                   0x20000012   Data           2  stm_my_lcd16x2.o(.data)
    D6_PIN                                   0x20000014   Data           2  stm_my_lcd16x2.o(.data)
    D7_PIN                                   0x20000016   Data           2  stm_my_lcd16x2.o(.data)
    PORT_RS_and_E                            0x20000018   Data           4  stm_my_lcd16x2.o(.data)
    PORT_LSB                                 0x2000001c   Data           4  stm_my_lcd16x2.o(.data)
    PORT_MSB                                 0x20000020   Data           4  stm_my_lcd16x2.o(.data)
    .data                                    0x20000024   Section       24  main.o(.data)
    .data                                    0x2000003c   Section        1  sd_diskio.o(.data)
    Stat                                     0x2000003c   Data           1  sd_diskio.o(.data)
    .data                                    0x2000003d   Section        5  fatfs.o(.data)
    .data                                    0x20000042   Section        6  sht3x.o(.data)
    measure_data                             0x20000042   Data           6  sht3x.o(.data)
    .data                                    0x20000048   Section       12  stm32f4xx_hal.o(.data)
    .data                                    0x20000054   Section        8  bh1750.o(.data)
    .data                                    0x2000005c   Section        4  system_stm32f4xx.o(.data)
    .data                                    0x20000060   Section        8  ff.o(.data)
    Fsid                                     0x20000060   Data           2  ff.o(.data)
    FatFs                                    0x20000064   Data           4  ff.o(.data)
    .data                                    0x20000068   Section        4  errno.o(.data)
    _errno                                   0x20000068   Data           4  errno.o(.data)
    .bss                                     0x2000006c   Section      520  main.o(.bss)
    .bss                                     0x20000274   Section       32  ff.o(.bss)
    Files                                    0x20000274   Data          32  ff.o(.bss)
    .bss                                     0x20000294   Section       12  ff_gen_drv.o(.bss)
    STACK                                    0x200002a0   Section    16384  startup_stm32f407xx.o(STACK)

    Global Symbols

    Symbol Name                              Value     Ov Type        Size  Object(Section)

    BuildAttributes$$THM_ISAv4$E$P$D$K$B$S$7EM$VFPi3$EXTD16$VFPS$VFMA$PE$A:L22UL41UL21$X:L11$S22US41US21$IEEE1$IW$USESV6$~STKCKD$USESV7$~SHL$OTIME$ROPI$IEEEX$EBA8$MICROLIB$REQ8$PRES8$EABIv2 0x00000000   Number         0  anon$$obj.o ABSOLUTE
    __ARM_use_no_argv                        0x00000000   Number         0  main.o ABSOLUTE
    _printf_a                                0x00000000   Number         0  stubs.o ABSOLUTE
    _printf_c                                0x00000000   Number         0  stubs.o ABSOLUTE
    _printf_charcount                        0x00000000   Number         0  stubs.o ABSOLUTE
    _printf_d                                0x00000000   Number         0  stubs.o ABSOLUTE
    _printf_e                                0x00000000   Number         0  stubs.o ABSOLUTE
    _printf_f                                0x00000000   Number         0  stubs.o ABSOLUTE
    _printf_flags                            0x00000000   Number         0  stubs.o ABSOLUTE
    _printf_fp_dec                           0x00000000   Number         0  stubs.o ABSOLUTE
    _printf_fp_hex                           0x00000000   Number         0  stubs.o ABSOLUTE
    _printf_g                                0x00000000   Number         0  stubs.o ABSOLUTE
    _printf_i                                0x00000000   Number         0  stubs.o ABSOLUTE
    _printf_int_dec                          0x00000000   Number         0  stubs.o ABSOLUTE
    _printf_l                                0x00000000   Number         0  stubs.o ABSOLUTE
    _printf_lc                               0x00000000   Number         0  stubs.o ABSOLUTE
    _printf_ll                               0x00000000   Number         0  stubs.o ABSOLUTE
    _printf_lld                              0x00000000   Number         0  stubs.o ABSOLUTE
    _printf_lli                              0x00000000   Number         0  stubs.o ABSOLUTE
    _printf_llo                              0x00000000   Number         0  stubs.o ABSOLUTE
    _printf_llu                              0x00000000   Number         0  stubs.o ABSOLUTE
    _printf_llx                              0x00000000   Number         0  stubs.o ABSOLUTE
    _printf_longlong_dec                     0x00000000   Number         0  stubs.o ABSOLUTE
    _printf_longlong_hex                     0x00000000   Number         0  stubs.o ABSOLUTE
    _printf_longlong_oct                     0x00000000   Number         0  stubs.o ABSOLUTE
    _printf_ls                               0x00000000   Number         0  stubs.o ABSOLUTE
    _printf_mbtowc                           0x00000000   Number         0  stubs.o ABSOLUTE
    _printf_n                                0x00000000   Number         0  stubs.o ABSOLUTE
    _printf_o                                0x00000000   Number         0  stubs.o ABSOLUTE
    _printf_p                                0x00000000   Number         0  stubs.o ABSOLUTE
    _printf_percent                          0x00000000   Number         0  stubs.o ABSOLUTE
    _printf_pre_padding                      0x00000000   Number         0  stubs.o ABSOLUTE
    _printf_return_value                     0x00000000   Number         0  stubs.o ABSOLUTE
    _printf_s                                0x00000000   Number         0  stubs.o ABSOLUTE
    _printf_sizespec                         0x00000000   Number         0  stubs.o ABSOLUTE
    _printf_str                              0x00000000   Number         0  stubs.o ABSOLUTE
    _printf_truncate_signed                  0x00000000   Number         0  stubs.o ABSOLUTE
    _printf_truncate_unsigned                0x00000000   Number         0  stubs.o ABSOLUTE
    _printf_u                                0x00000000   Number         0  stubs.o ABSOLUTE
    _printf_wc                               0x00000000   Number         0  stubs.o ABSOLUTE
    _printf_wctomb                           0x00000000   Number         0  stubs.o ABSOLUTE
    _printf_widthprec                        0x00000000   Number         0  stubs.o ABSOLUTE
    _printf_x                                0x00000000   Number         0  stubs.o ABSOLUTE
    __cpp_initialize__aeabi_                  - Undefined Weak Reference
    __cxa_finalize                            - Undefined Weak Reference
    __decompress                              - Undefined Weak Reference
    _clock_init                               - Undefined Weak Reference
    _microlib_exit                            - Undefined Weak Reference
    __Vectors_Size                           0x00000188   Number         0  startup_stm32f407xx.o ABSOLUTE
    __Vectors                                0x08000000   Data           4  startup_stm32f407xx.o(RESET)
    __Vectors_End                            0x08000188   Data           0  startup_stm32f407xx.o(RESET)
    __main                                   0x08000189   Thumb Code     0  entry.o(.ARM.Collect$$$$00000000)
    _main_stk                                0x08000189   Thumb Code     0  entry2.o(.ARM.Collect$$$$00000001)
    _main_scatterload                        0x0800018d   Thumb Code     0  entry5.o(.ARM.Collect$$$$00000004)
    __main_after_scatterload                 0x08000191   Thumb Code     0  entry5.o(.ARM.Collect$$$$00000004)
    _main_clock                              0x08000191   Thumb Code     0  entry7b.o(.ARM.Collect$$$$00000008)
    _main_cpp_init                           0x08000191   Thumb Code     0  entry8b.o(.ARM.Collect$$$$0000000A)
    _main_init                               0x08000191   Thumb Code     0  entry9a.o(.ARM.Collect$$$$0000000B)
    __rt_final_cpp                           0x08000199   Thumb Code     0  entry10a.o(.ARM.Collect$$$$0000000D)
    __rt_final_exit                          0x08000199   Thumb Code     0  entry11a.o(.ARM.Collect$$$$0000000F)
    Reset_Handler                            0x0800019d   Thumb Code     8  startup_stm32f407xx.o(.text)
    ADC_IRQHandler                           0x080001b7   Thumb Code     0  startup_stm32f407xx.o(.text)
    CAN1_RX0_IRQHandler                      0x080001b7   Thumb Code     0  startup_stm32f407xx.o(.text)
    CAN1_RX1_IRQHandler                      0x080001b7   Thumb Code     0  startup_stm32f407xx.o(.text)
    CAN1_SCE_IRQHandler                      0x080001b7   Thumb Code     0  startup_stm32f407xx.o(.text)
    CAN1_TX_IRQHandler                       0x080001b7   Thumb Code     0  startup_stm32f407xx.o(.text)
    CAN2_RX0_IRQHandler                      0x080001b7   Thumb Code     0  startup_stm32f407xx.o(.text)
    CAN2_RX1_IRQHandler                      0x080001b7   Thumb Code     0  startup_stm32f407xx.o(.text)
    CAN2_SCE_IRQHandler                      0x080001b7   Thumb Code     0  startup_stm32f407xx.o(.text)
    CAN2_TX_IRQHandler                       0x080001b7   Thumb Code     0  startup_stm32f407xx.o(.text)
    DCMI_IRQHandler                          0x080001b7   Thumb Code     0  startup_stm32f407xx.o(.text)
    DMA1_Stream0_IRQHandler                  0x080001b7   Thumb Code     0  startup_stm32f407xx.o(.text)
    DMA1_Stream1_IRQHandler                  0x080001b7   Thumb Code     0  startup_stm32f407xx.o(.text)
    DMA1_Stream2_IRQHandler                  0x080001b7   Thumb Code     0  startup_stm32f407xx.o(.text)
    DMA1_Stream3_IRQHandler                  0x080001b7   Thumb Code     0  startup_stm32f407xx.o(.text)
    DMA1_Stream4_IRQHandler                  0x080001b7   Thumb Code     0  startup_stm32f407xx.o(.text)
    DMA1_Stream5_IRQHandler                  0x080001b7   Thumb Code     0  startup_stm32f407xx.o(.text)
    DMA1_Stream6_IRQHandler                  0x080001b7   Thumb Code     0  startup_stm32f407xx.o(.text)
    DMA1_Stream7_IRQHandler                  0x080001b7   Thumb Code     0  startup_stm32f407xx.o(.text)
    DMA2_Stream0_IRQHandler                  0x080001b7   Thumb Code     0  startup_stm32f407xx.o(.text)
    DMA2_Stream1_IRQHandler                  0x080001b7   Thumb Code     0  startup_stm32f407xx.o(.text)
    DMA2_Stream2_IRQHandler                  0x080001b7   Thumb Code     0  startup_stm32f407xx.o(.text)
    DMA2_Stream3_IRQHandler                  0x080001b7   Thumb Code     0  startup_stm32f407xx.o(.text)
    DMA2_Stream4_IRQHandler                  0x080001b7   Thumb Code     0  startup_stm32f407xx.o(.text)
    DMA2_Stream5_IRQHandler                  0x080001b7   Thumb Code     0  startup_stm32f407xx.o(.text)
    DMA2_Stream6_IRQHandler                  0x080001b7   Thumb Code     0  startup_stm32f407xx.o(.text)
    DMA2_Stream7_IRQHandler                  0x080001b7   Thumb Code     0  startup_stm32f407xx.o(.text)
    ETH_IRQHandler                           0x080001b7   Thumb Code     0  startup_stm32f407xx.o(.text)
    ETH_WKUP_IRQHandler                      0x080001b7   Thumb Code     0  startup_stm32f407xx.o(.text)
    EXTI0_IRQHandler                         0x080001b7   Thumb Code     0  startup_stm32f407xx.o(.text)
    EXTI15_10_IRQHandler                     0x080001b7   Thumb Code     0  startup_stm32f407xx.o(.text)
    EXTI1_IRQHandler                         0x080001b7   Thumb Code     0  startup_stm32f407xx.o(.text)
    EXTI2_IRQHandler                         0x080001b7   Thumb Code     0  startup_stm32f407xx.o(.text)
    EXTI3_IRQHandler                         0x080001b7   Thumb Code     0  startup_stm32f407xx.o(.text)
    EXTI4_IRQHandler                         0x080001b7   Thumb Code     0  startup_stm32f407xx.o(.text)
    EXTI9_5_IRQHandler                       0x080001b7   Thumb Code     0  startup_stm32f407xx.o(.text)
    FLASH_IRQHandler                         0x080001b7   Thumb Code     0  startup_stm32f407xx.o(.text)
    FMC_IRQHandler                           0x080001b7   Thumb Code     0  startup_stm32f407xx.o(.text)
    FPU_IRQHandler                           0x080001b7   Thumb Code     0  startup_stm32f407xx.o(.text)
    HASH_RNG_IRQHandler                      0x080001b7   Thumb Code     0  startup_stm32f407xx.o(.text)
    I2C1_ER_IRQHandler                       0x080001b7   Thumb Code     0  startup_stm32f407xx.o(.text)
    I2C1_EV_IRQHandler                       0x080001b7   Thumb Code     0  startup_stm32f407xx.o(.text)
    I2C2_ER_IRQHandler                       0x080001b7   Thumb Code     0  startup_stm32f407xx.o(.text)
    I2C2_EV_IRQHandler                       0x080001b7   Thumb Code     0  startup_stm32f407xx.o(.text)
    I2C3_ER_IRQHandler                       0x080001b7   Thumb Code     0  startup_stm32f407xx.o(.text)
    I2C3_EV_IRQHandler                       0x080001b7   Thumb Code     0  startup_stm32f407xx.o(.text)
    OTG_FS_IRQHandler                        0x080001b7   Thumb Code     0  startup_stm32f407xx.o(.text)
    OTG_FS_WKUP_IRQHandler                   0x080001b7   Thumb Code     0  startup_stm32f407xx.o(.text)
    OTG_HS_EP1_IN_IRQHandler                 0x080001b7   Thumb Code     0  startup_stm32f407xx.o(.text)
    OTG_HS_EP1_OUT_IRQHandler                0x080001b7   Thumb Code     0  startup_stm32f407xx.o(.text)
    OTG_HS_IRQHandler                        0x080001b7   Thumb Code     0  startup_stm32f407xx.o(.text)
    OTG_HS_WKUP_IRQHandler                   0x080001b7   Thumb Code     0  startup_stm32f407xx.o(.text)
    PVD_IRQHandler                           0x080001b7   Thumb Code     0  startup_stm32f407xx.o(.text)
    RCC_IRQHandler                           0x080001b7   Thumb Code     0  startup_stm32f407xx.o(.text)
    RTC_Alarm_IRQHandler                     0x080001b7   Thumb Code     0  startup_stm32f407xx.o(.text)
    RTC_WKUP_IRQHandler                      0x080001b7   Thumb Code     0  startup_stm32f407xx.o(.text)
    SDIO_IRQHandler                          0x080001b7   Thumb Code     0  startup_stm32f407xx.o(.text)
    SPI1_IRQHandler                          0x080001b7   Thumb Code     0  startup_stm32f407xx.o(.text)
    SPI2_IRQHandler                          0x080001b7   Thumb Code     0  startup_stm32f407xx.o(.text)
    SPI3_IRQHandler                          0x080001b7   Thumb Code     0  startup_stm32f407xx.o(.text)
    TAMP_STAMP_IRQHandler                    0x080001b7   Thumb Code     0  startup_stm32f407xx.o(.text)
    TIM1_BRK_TIM9_IRQHandler                 0x080001b7   Thumb Code     0  startup_stm32f407xx.o(.text)
    TIM1_CC_IRQHandler                       0x080001b7   Thumb Code     0  startup_stm32f407xx.o(.text)
    TIM1_TRG_COM_TIM11_IRQHandler            0x080001b7   Thumb Code     0  startup_stm32f407xx.o(.text)
    TIM1_UP_TIM10_IRQHandler                 0x080001b7   Thumb Code     0  startup_stm32f407xx.o(.text)
    TIM2_IRQHandler                          0x080001b7   Thumb Code     0  startup_stm32f407xx.o(.text)
    TIM3_IRQHandler                          0x080001b7   Thumb Code     0  startup_stm32f407xx.o(.text)
    TIM4_IRQHandler                          0x080001b7   Thumb Code     0  startup_stm32f407xx.o(.text)
    TIM5_IRQHandler                          0x080001b7   Thumb Code     0  startup_stm32f407xx.o(.text)
    TIM6_DAC_IRQHandler                      0x080001b7   Thumb Code     0  startup_stm32f407xx.o(.text)
    TIM7_IRQHandler                          0x080001b7   Thumb Code     0  startup_stm32f407xx.o(.text)
    TIM8_BRK_TIM12_IRQHandler                0x080001b7   Thumb Code     0  startup_stm32f407xx.o(.text)
    TIM8_CC_IRQHandler                       0x080001b7   Thumb Code     0  startup_stm32f407xx.o(.text)
    TIM8_TRG_COM_TIM14_IRQHandler            0x080001b7   Thumb Code     0  startup_stm32f407xx.o(.text)
    TIM8_UP_TIM13_IRQHandler                 0x080001b7   Thumb Code     0  startup_stm32f407xx.o(.text)
    UART4_IRQHandler                         0x080001b7   Thumb Code     0  startup_stm32f407xx.o(.text)
    UART5_IRQHandler                         0x080001b7   Thumb Code     0  startup_stm32f407xx.o(.text)
    USART1_IRQHandler                        0x080001b7   Thumb Code     0  startup_stm32f407xx.o(.text)
    USART2_IRQHandler                        0x080001b7   Thumb Code     0  startup_stm32f407xx.o(.text)
    USART3_IRQHandler                        0x080001b7   Thumb Code     0  startup_stm32f407xx.o(.text)
    USART6_IRQHandler                        0x080001b7   Thumb Code     0  startup_stm32f407xx.o(.text)
    WWDG_IRQHandler                          0x080001b7   Thumb Code     0  startup_stm32f407xx.o(.text)
    __aeabi_uldivmod                         0x080001c1   Thumb Code    98  uldiv.o(.text)
    __aeabi_memcpy                           0x08000223   Thumb Code    36  memcpya.o(.text)
    __aeabi_memcpy4                          0x08000223   Thumb Code     0  memcpya.o(.text)
    __aeabi_memcpy8                          0x08000223   Thumb Code     0  memcpya.o(.text)
    __aeabi_memset                           0x08000247   Thumb Code    14  memseta.o(.text)
    __aeabi_memset4                          0x08000247   Thumb Code     0  memseta.o(.text)
    __aeabi_memset8                          0x08000247   Thumb Code     0  memseta.o(.text)
    __aeabi_memclr                           0x08000255   Thumb Code     4  memseta.o(.text)
    __aeabi_memclr4                          0x08000255   Thumb Code     0  memseta.o(.text)
    __aeabi_memclr8                          0x08000255   Thumb Code     0  memseta.o(.text)
    _memset$wrapper                          0x08000259   Thumb Code    18  memseta.o(.text)
    __aeabi_dadd                             0x0800026b   Thumb Code   322  dadd.o(.text)
    __aeabi_dsub                             0x080003ad   Thumb Code     6  dadd.o(.text)
    __aeabi_drsub                            0x080003b3   Thumb Code     6  dadd.o(.text)
    __aeabi_dmul                             0x080003b9   Thumb Code   228  dmul.o(.text)
    __aeabi_ddiv                             0x0800049d   Thumb Code   222  ddiv.o(.text)
    __aeabi_ui2d                             0x0800057b   Thumb Code    26  dfltui.o(.text)
    __aeabi_d2uiz                            0x08000595   Thumb Code    50  dfixui.o(.text)
    __aeabi_f2d                              0x080005c7   Thumb Code    38  f2d.o(.text)
    __aeabi_d2f                              0x080005ed   Thumb Code    56  d2f.o(.text)
    __aeabi_uidiv                            0x08000625   Thumb Code     0  uidiv.o(.text)
    __aeabi_uidivmod                         0x08000625   Thumb Code    44  uidiv.o(.text)
    __aeabi_llsl                             0x08000651   Thumb Code    30  llshl.o(.text)
    _ll_shift_l                              0x08000651   Thumb Code     0  llshl.o(.text)
    __aeabi_llsr                             0x0800066f   Thumb Code    32  llushr.o(.text)
    _ll_ushift_r                             0x0800066f   Thumb Code     0  llushr.o(.text)
    __aeabi_lasr                             0x0800068f   Thumb Code    36  llsshr.o(.text)
    _ll_sshift_r                             0x0800068f   Thumb Code     0  llsshr.o(.text)
    __I$use$fp                               0x080006b3   Thumb Code     0  iusefp.o(.text)
    _float_round                             0x080006b3   Thumb Code    18  fepilogue.o(.text)
    _float_epilogue                          0x080006c5   Thumb Code    92  fepilogue.o(.text)
    _double_round                            0x08000721   Thumb Code    30  depilogue.o(.text)
    _double_epilogue                         0x0800073f   Thumb Code   156  depilogue.o(.text)
    __ARM_scalbn                             0x080007db   Thumb Code    46  dscalb.o(.text)
    scalbn                                   0x080007db   Thumb Code     0  dscalb.o(.text)
    __aeabi_i2d                              0x08000809   Thumb Code    34  dflti.o(.text)
    __aeabi_d2ulz                            0x0800082b   Thumb Code    48  dfixul.o(.text)
    __aeabi_cdrcmple                         0x0800085d   Thumb Code    48  cdrcmple.o(.text)
    __scatterload                            0x0800088d   Thumb Code    28  init.o(.text)
    __scatterload_rt2                        0x0800088d   Thumb Code     0  init.o(.text)
    _dsqrt                                   0x080008b1   Thumb Code   162  dsqrt.o(.text)
    BH1750_Init                              0x08000a7d   Thumb Code    26  bh1750.o(i.BH1750_Init)
    BH1750_ReadLight                         0x08000a9d   Thumb Code   102  bh1750.o(i.BH1750_ReadLight)
    BH1750_Reset                             0x08000b11   Thumb Code    34  bh1750.o(i.BH1750_Reset)
    BH1750_SetMode                           0x08000b39   Thumb Code    52  bh1750.o(i.BH1750_SetMode)
    BH1750_SetMtreg                          0x08000b71   Thumb Code    78  bh1750.o(i.BH1750_SetMtreg)
    BSP_PlatformIsDetected                   0x08000bc5   Thumb Code    20  fatfs_platform.o(i.BSP_PlatformIsDetected)
    BSP_SD_GetCardInfo                       0x08000bdd   Thumb Code     8  bsp_driver_sd.o(i.BSP_SD_GetCardInfo)
    BSP_SD_GetCardState                      0x08000be9   Thumb Code    20  bsp_driver_sd.o(i.BSP_SD_GetCardState)
    BSP_SD_Init                              0x08000c01   Thumb Code    24  bsp_driver_sd.o(i.BSP_SD_Init)
    BSP_SD_IsDetected                        0x08000c1d   Thumb Code    26  bsp_driver_sd.o(i.BSP_SD_IsDetected)
    BSP_SD_ReadBlocks                        0x08000c39   Thumb Code    26  bsp_driver_sd.o(i.BSP_SD_ReadBlocks)
    BSP_SD_WriteBlocks                       0x08000c59   Thumb Code    26  bsp_driver_sd.o(i.BSP_SD_WriteBlocks)
    BusFault_Handler                         0x08000c79   Thumb Code     2  stm32f4xx_it.o(i.BusFault_Handler)
    DebugMon_Handler                         0x08000c7b   Thumb Code     2  stm32f4xx_it.o(i.DebugMon_Handler)
    FATFS_LinkDriver                         0x08000c7d   Thumb Code     6  ff_gen_drv.o(i.FATFS_LinkDriver)
    FATFS_LinkDriverEx                       0x08000c85   Thumb Code    58  ff_gen_drv.o(i.FATFS_LinkDriverEx)
    HAL_ADC_ConfigChannel                    0x08000cc5   Thumb Code   316  stm32f4xx_hal_adc.o(i.HAL_ADC_ConfigChannel)
    HAL_ADC_GetState                         0x08000e11   Thumb Code     4  stm32f4xx_hal_adc.o(i.HAL_ADC_GetState)
    HAL_ADC_GetValue                         0x08000e15   Thumb Code     6  stm32f4xx_hal_adc.o(i.HAL_ADC_GetValue)
    HAL_ADC_Init                             0x08000e1b   Thumb Code    84  stm32f4xx_hal_adc.o(i.HAL_ADC_Init)
    HAL_ADC_MspInit                          0x08000e71   Thumb Code    84  stm32f4xx_hal_msp.o(i.HAL_ADC_MspInit)
    HAL_ADC_PollForConversion                0x08000ed1   Thumb Code   162  stm32f4xx_hal_adc.o(i.HAL_ADC_PollForConversion)
    HAL_ADC_Start                            0x08000f75   Thumb Code   210  stm32f4xx_hal_adc.o(i.HAL_ADC_Start)
    HAL_Delay                                0x08001061   Thumb Code    32  stm32f4xx_hal.o(i.HAL_Delay)
    HAL_GPIO_Init                            0x08001085   Thumb Code   394  stm32f4xx_hal_gpio.o(i.HAL_GPIO_Init)
    HAL_GPIO_ReadPin                         0x0800123d   Thumb Code    10  stm32f4xx_hal_gpio.o(i.HAL_GPIO_ReadPin)
    HAL_GPIO_TogglePin                       0x08001247   Thumb Code    14  stm32f4xx_hal_gpio.o(i.HAL_GPIO_TogglePin)
    HAL_GPIO_WritePin                        0x08001255   Thumb Code    10  stm32f4xx_hal_gpio.o(i.HAL_GPIO_WritePin)
    HAL_GetTick                              0x08001261   Thumb Code     6  stm32f4xx_hal.o(i.HAL_GetTick)
    HAL_I2C_Init                             0x0800126d   Thumb Code   376  stm32f4xx_hal_i2c.o(i.HAL_I2C_Init)
    HAL_I2C_Master_Receive                   0x080013f5   Thumb Code   468  stm32f4xx_hal_i2c.o(i.HAL_I2C_Master_Receive)
    HAL_I2C_Master_Transmit                  0x080015d5   Thumb Code   290  stm32f4xx_hal_i2c.o(i.HAL_I2C_Master_Transmit)
    HAL_I2C_Mem_Read                         0x08001701   Thumb Code   490  stm32f4xx_hal_i2c.o(i.HAL_I2C_Mem_Read)
    HAL_I2C_Mem_Write                        0x080018f9   Thumb Code   294  stm32f4xx_hal_i2c.o(i.HAL_I2C_Mem_Write)
    HAL_I2C_MspInit                          0x08001a29   Thumb Code   244  stm32f4xx_hal_msp.o(i.HAL_I2C_MspInit)
    HAL_IncTick                              0x08001b39   Thumb Code    12  stm32f4xx_hal.o(i.HAL_IncTick)
    HAL_Init                                 0x08001b49   Thumb Code    48  stm32f4xx_hal.o(i.HAL_Init)
    HAL_InitTick                             0x08001b7d   Thumb Code    54  stm32f4xx_hal.o(i.HAL_InitTick)
    HAL_MspInit                              0x08001bbd   Thumb Code    48  stm32f4xx_hal_msp.o(i.HAL_MspInit)
    HAL_NVIC_SetPriority                     0x08001bf1   Thumb Code    60  stm32f4xx_hal_cortex.o(i.HAL_NVIC_SetPriority)
    HAL_NVIC_SetPriorityGrouping             0x08001c31   Thumb Code    26  stm32f4xx_hal_cortex.o(i.HAL_NVIC_SetPriorityGrouping)
    HAL_RCC_ClockConfig                      0x08001c55   Thumb Code   288  stm32f4xx_hal_rcc.o(i.HAL_RCC_ClockConfig)
    HAL_RCC_GetClockConfig                   0x08001d89   Thumb Code    54  stm32f4xx_hal_rcc.o(i.HAL_RCC_GetClockConfig)
    HAL_RCC_GetPCLK1Freq                     0x08001dc9   Thumb Code    20  stm32f4xx_hal_rcc.o(i.HAL_RCC_GetPCLK1Freq)
    HAL_RCC_GetPCLK2Freq                     0x08001de9   Thumb Code    20  stm32f4xx_hal_rcc.o(i.HAL_RCC_GetPCLK2Freq)
    HAL_RCC_GetSysClockFreq                  0x08001e09   Thumb Code    88  stm32f4xx_hal_rcc.o(i.HAL_RCC_GetSysClockFreq)
    HAL_RCC_OscConfig                        0x08001e69   Thumb Code   834  stm32f4xx_hal_rcc.o(i.HAL_RCC_OscConfig)
    HAL_SD_GetCardCSD                        0x080021c5   Thumb Code   402  stm32f4xx_hal_sd.o(i.HAL_SD_GetCardCSD)
    HAL_SD_GetCardInfo                       0x0800235d   Thumb Code    36  stm32f4xx_hal_sd.o(i.HAL_SD_GetCardInfo)
    HAL_SD_GetCardState                      0x08002381   Thumb Code    44  stm32f4xx_hal_sd.o(i.HAL_SD_GetCardState)
    HAL_SD_Init                              0x080023ad   Thumb Code    54  stm32f4xx_hal_sd.o(i.HAL_SD_Init)
    HAL_SD_InitCard                          0x080023e5   Thumb Code    78  stm32f4xx_hal_sd.o(i.HAL_SD_InitCard)
    HAL_SD_MspInit                           0x08002439   Thumb Code   130  stm32f4xx_hal_msp.o(i.HAL_SD_MspInit)
    HAL_SD_ReadBlocks                        0x080024cd   Thumb Code   500  stm32f4xx_hal_sd.o(i.HAL_SD_ReadBlocks)
    HAL_SD_WriteBlocks                       0x080026c5   Thumb Code   454  stm32f4xx_hal_sd.o(i.HAL_SD_WriteBlocks)
    HAL_SYSTICK_Config                       0x08002891   Thumb Code    40  stm32f4xx_hal_cortex.o(i.HAL_SYSTICK_Config)
    HAL_UART_Init                            0x080028b9   Thumb Code    98  stm32f4xx_hal_uart.o(i.HAL_UART_Init)
    HAL_UART_MspInit                         0x0800291d   Thumb Code    92  stm32f4xx_hal_msp.o(i.HAL_UART_MspInit)
    HardFault_Handler                        0x08002985   Thumb Code     2  stm32f4xx_it.o(i.HardFault_Handler)
    LCD1602_Begin4BIT                        0x08002edd   Thumb Code   130  stm_my_lcd16x2.o(i.LCD1602_Begin4BIT)
    MX_FATFS_Init                            0x080031fd   Thumb Code    18  fatfs.o(i.MX_FATFS_Init)
    MemManage_Handler                        0x080032e1   Thumb Code     2  stm32f4xx_it.o(i.MemManage_Handler)
    NMI_Handler                              0x080032e3   Thumb Code     2  stm32f4xx_it.o(i.NMI_Handler)
    PendSV_Handler                           0x080032e5   Thumb Code     2  stm32f4xx_it.o(i.PendSV_Handler)
    Read_Adc                                 0x080032e9   Thumb Code    78  main.o(i.Read_Adc)
    SDIO_ConfigData                          0x08003341   Thumb Code    36  stm32f4xx_ll_sdmmc.o(i.SDIO_ConfigData)
    SDIO_GetPowerState                       0x08003365   Thumb Code     8  stm32f4xx_ll_sdmmc.o(i.SDIO_GetPowerState)
    SDIO_GetResponse                         0x0800336d   Thumb Code     6  stm32f4xx_ll_sdmmc.o(i.SDIO_GetResponse)
    SDIO_Init                                0x08003373   Thumb Code    36  stm32f4xx_ll_sdmmc.o(i.SDIO_Init)
    SDIO_PowerState_ON                       0x08003397   Thumb Code    16  stm32f4xx_ll_sdmmc.o(i.SDIO_PowerState_ON)
    SDIO_ReadFIFO                            0x080033a7   Thumb Code     6  stm32f4xx_ll_sdmmc.o(i.SDIO_ReadFIFO)
    SDIO_SendCommand                         0x080033ad   Thumb Code    32  stm32f4xx_ll_sdmmc.o(i.SDIO_SendCommand)
    SDIO_WriteFIFO                           0x080033cd   Thumb Code    10  stm32f4xx_ll_sdmmc.o(i.SDIO_WriteFIFO)
    SDMMC_CmdAppCommand                      0x080033d7   Thumb Code    50  stm32f4xx_ll_sdmmc.o(i.SDMMC_CmdAppCommand)
    SDMMC_CmdAppOperCommand                  0x08003409   Thumb Code    48  stm32f4xx_ll_sdmmc.o(i.SDMMC_CmdAppOperCommand)
    SDMMC_CmdBlockLength                     0x0800343d   Thumb Code    50  stm32f4xx_ll_sdmmc.o(i.SDMMC_CmdBlockLength)
    SDMMC_CmdGoIdleState                     0x08003471   Thumb Code    74  stm32f4xx_ll_sdmmc.o(i.SDMMC_CmdGoIdleState)
    SDMMC_CmdOperCond                        0x080034c1   Thumb Code   112  stm32f4xx_ll_sdmmc.o(i.SDMMC_CmdOperCond)
    SDMMC_CmdReadMultiBlock                  0x08003535   Thumb Code    50  stm32f4xx_ll_sdmmc.o(i.SDMMC_CmdReadMultiBlock)
    SDMMC_CmdReadSingleBlock                 0x08003567   Thumb Code    50  stm32f4xx_ll_sdmmc.o(i.SDMMC_CmdReadSingleBlock)
    SDMMC_CmdSelDesel                        0x08003599   Thumb Code    50  stm32f4xx_ll_sdmmc.o(i.SDMMC_CmdSelDesel)
    SDMMC_CmdSendCID                         0x080035cb   Thumb Code    44  stm32f4xx_ll_sdmmc.o(i.SDMMC_CmdSendCID)
    SDMMC_CmdSendCSD                         0x080035f7   Thumb Code    44  stm32f4xx_ll_sdmmc.o(i.SDMMC_CmdSendCSD)
    SDMMC_CmdSendStatus                      0x08003623   Thumb Code    50  stm32f4xx_ll_sdmmc.o(i.SDMMC_CmdSendStatus)
    SDMMC_CmdSetRelAdd                       0x08003655   Thumb Code    48  stm32f4xx_ll_sdmmc.o(i.SDMMC_CmdSetRelAdd)
    SDMMC_CmdStopTransfer                    0x08003685   Thumb Code    46  stm32f4xx_ll_sdmmc.o(i.SDMMC_CmdStopTransfer)
    SDMMC_CmdWriteMultiBlock                 0x080036b9   Thumb Code    50  stm32f4xx_ll_sdmmc.o(i.SDMMC_CmdWriteMultiBlock)
    SDMMC_CmdWriteSingleBlock                0x080036eb   Thumb Code    50  stm32f4xx_ll_sdmmc.o(i.SDMMC_CmdWriteSingleBlock)
    SD_initialize                            0x08003b1d   Thumb Code    28  sd_diskio.o(i.SD_initialize)
    SD_ioctl                                 0x08003b3d   Thumb Code    76  sd_diskio.o(i.SD_ioctl)
    SD_read                                  0x08003b8d   Thumb Code    38  sd_diskio.o(i.SD_read)
    SD_status                                0x08003bb3   Thumb Code     4  sd_diskio.o(i.SD_status)
    SD_write                                 0x08003bb9   Thumb Code    38  sd_diskio.o(i.SD_write)
    SHT3X_Update                             0x08003be1   Thumb Code    46  sht3x.o(i.SHT3X_Update)
    SHT3X_getHumidity                        0x08003c19   Thumb Code    58  sht3x.o(i.SHT3X_getHumidity)
    SHT3X_getTemperature                     0x08003c69   Thumb Code    66  sht3x.o(i.SHT3X_getTemperature)
    SVC_Handler                              0x08003cc5   Thumb Code     2  stm32f4xx_it.o(i.SVC_Handler)
    SysTick_Handler                          0x08003cc7   Thumb Code     4  stm32f4xx_it.o(i.SysTick_Handler)
    SystemClock_Config                       0x08003ccd   Thumb Code   124  main.o(i.SystemClock_Config)
    SystemInit                               0x08003d51   Thumb Code    22  system_stm32f4xx.o(i.SystemInit)
    USART_Puts                               0x08003e95   Thumb Code    26  main.o(i.USART_Puts)
    UsageFault_Handler                       0x08003eaf   Thumb Code     2  stm32f4xx_it.o(i.UsageFault_Handler)
    __0sprintf                               0x08003eb1   Thumb Code    34  printfa.o(i.__0sprintf)
    __1sprintf                               0x08003eb1   Thumb Code     0  printfa.o(i.__0sprintf)
    __2sprintf                               0x08003eb1   Thumb Code     0  printfa.o(i.__0sprintf)
    __c89sprintf                             0x08003eb1   Thumb Code     0  printfa.o(i.__0sprintf)
    sprintf                                  0x08003eb1   Thumb Code     0  printfa.o(i.__0sprintf)
    __ARM_fpclassify                         0x08003ed9   Thumb Code    48  fpclassify.o(i.__ARM_fpclassify)
    __hardfp_pow                             0x08003f29   Thumb Code  3072  pow.o(i.__hardfp_pow)
    __kernel_poly                            0x08004b79   Thumb Code   248  poly.o(i.__kernel_poly)
    __mathlib_dbl_divzero                    0x08004c71   Thumb Code    28  dunder.o(i.__mathlib_dbl_divzero)
    __mathlib_dbl_infnan2                    0x08004ca1   Thumb Code    20  dunder.o(i.__mathlib_dbl_infnan2)
    __mathlib_dbl_invalid                    0x08004cb9   Thumb Code    24  dunder.o(i.__mathlib_dbl_invalid)
    __mathlib_dbl_overflow                   0x08004cd9   Thumb Code    24  dunder.o(i.__mathlib_dbl_overflow)
    __mathlib_dbl_underflow                  0x08004cf9   Thumb Code    24  dunder.o(i.__mathlib_dbl_underflow)
    __scatterload_copy                       0x08004d19   Thumb Code    14  handlers.o(i.__scatterload_copy)
    __scatterload_null                       0x08004d27   Thumb Code     2  handlers.o(i.__scatterload_null)
    __scatterload_zeroinit                   0x08004d29   Thumb Code    14  handlers.o(i.__scatterload_zeroinit)
    __set_errno                              0x08004d39   Thumb Code     6  errno.o(i.__set_errno)
    bmp_init                                 0x08005601   Thumb Code   108  bmp085.o(i.bmp_init)
    disk_initialize                          0x08005b6d   Thumb Code    36  diskio.o(i.disk_initialize)
    disk_ioctl                               0x08005b95   Thumb Code    24  diskio.o(i.disk_ioctl)
    disk_read                                0x08005bb1   Thumb Code    24  diskio.o(i.disk_read)
    disk_status                              0x08005bcd   Thumb Code    18  diskio.o(i.disk_status)
    disk_write                               0x08005be5   Thumb Code    24  diskio.o(i.disk_write)
    f_close                                  0x08005c01   Thumb Code    40  ff.o(i.f_close)
    f_mount                                  0x08005c29   Thumb Code    84  ff.o(i.f_mount)
    f_open                                   0x08005c81   Thumb Code   520  ff.o(i.f_open)
    f_sync                                   0x08005e8d   Thumb Code   142  ff.o(i.f_sync)
    f_write                                  0x08005f1b   Thumb Code   398  ff.o(i.f_write)
    fabs                                     0x080060a9   Thumb Code    24  fabs.o(i.fabs)
    get_altitude                             0x08006389   Thumb Code   104  bmp085.o(i.get_altitude)
    get_fattime                              0x080064d3   Thumb Code     4  fatfs.o(i.get_fattime)
    get_pressure                             0x08006515   Thumb Code   216  bmp085.o(i.get_pressure)
    get_temp                                 0x080065f1   Thumb Code    90  bmp085.o(i.get_temp)
    get_up                                   0x08006659   Thumb Code    98  bmp085.o(i.get_up)
    get_ut                                   0x080066c1   Thumb Code    68  bmp085.o(i.get_ut)
    main                                     0x080067d1   Thumb Code   554  main.o(i.main)
    sqrt                                     0x08006c71   Thumb Code   110  sqrt.o(i.sqrt)
    SD_Driver                                0x08006e30   Data          20  sd_diskio.o(.constdata)
    AHBPrescTable                            0x08006e44   Data          16  system_stm32f4xx.o(.constdata)
    APBPrescTable                            0x08006e54   Data           8  system_stm32f4xx.o(.constdata)
    __mathlib_zero                           0x08006f80   Data           8  qnan.o(.constdata)
    Region$$Table$$Base                      0x08006fdc   Number         0  anon$$obj.o(Region$$Table)
    Region$$Table$$Limit                     0x08006ffc   Number         0  anon$$obj.o(Region$$Table)
    temperature                              0x20000024   Data           4  main.o(.data)
    humidity                                 0x20000028   Data           4  main.o(.data)
    adc1                                     0x2000002c   Data           4  main.o(.data)
    adc2                                     0x20000030   Data           4  main.o(.data)
    adc3                                     0x20000034   Data           4  main.o(.data)
    BH1750_lux                               0x20000038   Data           4  main.o(.data)
    retSD                                    0x2000003d   Data           1  fatfs.o(.data)
    SDPath                                   0x2000003e   Data           4  fatfs.o(.data)
    uwTickFreq                               0x20000048   Data           1  stm32f4xx_hal.o(.data)
    uwTickPrio                               0x2000004c   Data           4  stm32f4xx_hal.o(.data)
    uwTick                                   0x20000050   Data           4  stm32f4xx_hal.o(.data)
    Bh1750_Mode                              0x20000054   Data           1  bh1750.o(.data)
    Bh1750_Mtreg                             0x20000055   Data           1  bh1750.o(.data)
    bh1750_i2c                               0x20000058   Data           4  bh1750.o(.data)
    SystemCoreClock                          0x2000005c   Data           4  system_stm32f4xx.o(.data)
    hadc1                                    0x2000006c   Data          72  main.o(.bss)
    hi2c1                                    0x200000b4   Data          84  main.o(.bss)
    hi2c2                                    0x20000108   Data          84  main.o(.bss)
    hi2c3                                    0x2000015c   Data          84  main.o(.bss)
    hsd                                      0x200001b0   Data         132  main.o(.bss)
    huart2                                   0x20000234   Data          64  main.o(.bss)
    disk                                     0x20000294   Data          12  ff_gen_drv.o(.bss)
    __initial_sp                             0x200042a0   Data           0  startup_stm32f407xx.o(STACK)



==============================================================================

Memory Map of the image

  Image Entry point : 0x08000189

  Load Region LR_IROM1 (Base: 0x08000000, Size: 0x00007068, Max: 0x00100000, ABSOLUTE)

    Execution Region ER_IROM1 (Exec base: 0x08000000, Load base: 0x08000000, Size: 0x00006ffc, Max: 0x00100000, ABSOLUTE)

    Exec Addr    Load Addr    Size         Type   Attr      Idx    E Section Name        Object

    0x08000000   0x08000000   0x00000188   Data   RO            3    RESET               startup_stm32f407xx.o
    0x08000188   0x08000188   0x00000000   Code   RO         4221  * .ARM.Collect$$$$00000000  mc_w.l(entry.o)
    0x08000188   0x08000188   0x00000004   Code   RO         4544    .ARM.Collect$$$$00000001  mc_w.l(entry2.o)
    0x0800018c   0x0800018c   0x00000004   Code   RO         4547    .ARM.Collect$$$$00000004  mc_w.l(entry5.o)
    0x08000190   0x08000190   0x00000000   Code   RO         4549    .ARM.Collect$$$$00000008  mc_w.l(entry7b.o)
    0x08000190   0x08000190   0x00000000   Code   RO         4551    .ARM.Collect$$$$0000000A  mc_w.l(entry8b.o)
    0x08000190   0x08000190   0x00000008   Code   RO         4552    .ARM.Collect$$$$0000000B  mc_w.l(entry9a.o)
    0x08000198   0x08000198   0x00000000   Code   RO         4554    .ARM.Collect$$$$0000000D  mc_w.l(entry10a.o)
    0x08000198   0x08000198   0x00000000   Code   RO         4556    .ARM.Collect$$$$0000000F  mc_w.l(entry11a.o)
    0x08000198   0x08000198   0x00000004   Code   RO         4545    .ARM.Collect$$$$00002712  mc_w.l(entry2.o)
    0x0800019c   0x0800019c   0x00000024   Code   RO            4    .text               startup_stm32f407xx.o
    0x080001c0   0x080001c0   0x00000062   Code   RO         4224    .text               mc_w.l(uldiv.o)
    0x08000222   0x08000222   0x00000024   Code   RO         4226    .text               mc_w.l(memcpya.o)
    0x08000246   0x08000246   0x00000024   Code   RO         4228    .text               mc_w.l(memseta.o)
    0x0800026a   0x0800026a   0x0000014e   Code   RO         4493    .text               mf_w.l(dadd.o)
    0x080003b8   0x080003b8   0x000000e4   Code   RO         4495    .text               mf_w.l(dmul.o)
    0x0800049c   0x0800049c   0x000000de   Code   RO         4497    .text               mf_w.l(ddiv.o)
    0x0800057a   0x0800057a   0x0000001a   Code   RO         4499    .text               mf_w.l(dfltui.o)
    0x08000594   0x08000594   0x00000032   Code   RO         4501    .text               mf_w.l(dfixui.o)
    0x080005c6   0x080005c6   0x00000026   Code   RO         4503    .text               mf_w.l(f2d.o)
    0x080005ec   0x080005ec   0x00000038   Code   RO         4505    .text               mf_w.l(d2f.o)
    0x08000624   0x08000624   0x0000002c   Code   RO         4561    .text               mc_w.l(uidiv.o)
    0x08000650   0x08000650   0x0000001e   Code   RO         4563    .text               mc_w.l(llshl.o)
    0x0800066e   0x0800066e   0x00000020   Code   RO         4565    .text               mc_w.l(llushr.o)
    0x0800068e   0x0800068e   0x00000024   Code   RO         4567    .text               mc_w.l(llsshr.o)
    0x080006b2   0x080006b2   0x00000000   Code   RO         4576    .text               mc_w.l(iusefp.o)
    0x080006b2   0x080006b2   0x0000006e   Code   RO         4577    .text               mf_w.l(fepilogue.o)
    0x08000720   0x08000720   0x000000ba   Code   RO         4579    .text               mf_w.l(depilogue.o)
    0x080007da   0x080007da   0x0000002e   Code   RO         4583    .text               mf_w.l(dscalb.o)
    0x08000808   0x08000808   0x00000022   Code   RO         4585    .text               mf_w.l(dflti.o)
    0x0800082a   0x0800082a   0x00000030   Code   RO         4587    .text               mf_w.l(dfixul.o)
    0x0800085a   0x0800085a   0x00000002   PAD
    0x0800085c   0x0800085c   0x00000030   Code   RO         4589    .text               mf_w.l(cdrcmple.o)
    0x0800088c   0x0800088c   0x00000024   Code   RO         4591    .text               mc_w.l(init.o)
    0x080008b0   0x080008b0   0x000000a2   Code   RO         4595    .text               mf_w.l(dsqrt.o)
    0x08000952   0x08000952   0x00000002   PAD
    0x08000954   0x08000954   0x00000128   Code   RO          948    i.ADC_Init          stm32f4xx_hal_adc.o
    0x08000a7c   0x08000a7c   0x00000020   Code   RO         3648    i.BH1750_Init       bh1750.o
    0x08000a9c   0x08000a9c   0x00000074   Code   RO         3650    i.BH1750_ReadLight  bh1750.o
    0x08000b10   0x08000b10   0x00000028   Code   RO         3651    i.BH1750_Reset      bh1750.o
    0x08000b38   0x08000b38   0x00000038   Code   RO         3652    i.BH1750_SetMode    bh1750.o
    0x08000b70   0x08000b70   0x00000054   Code   RO         3653    i.BH1750_SetMtreg   bh1750.o
    0x08000bc4   0x08000bc4   0x00000018   Code   RO          647    i.BSP_PlatformIsDetected  fatfs_platform.o
    0x08000bdc   0x08000bdc   0x0000000c   Code   RO          411    i.BSP_SD_GetCardInfo  bsp_driver_sd.o
    0x08000be8   0x08000be8   0x00000018   Code   RO          412    i.BSP_SD_GetCardState  bsp_driver_sd.o
    0x08000c00   0x08000c00   0x0000001c   Code   RO          415    i.BSP_SD_Init       bsp_driver_sd.o
    0x08000c1c   0x08000c1c   0x0000001a   Code   RO          416    i.BSP_SD_IsDetected  bsp_driver_sd.o
    0x08000c36   0x08000c36   0x00000002   PAD
    0x08000c38   0x08000c38   0x00000020   Code   RO          417    i.BSP_SD_ReadBlocks  bsp_driver_sd.o
    0x08000c58   0x08000c58   0x00000020   Code   RO          420    i.BSP_SD_WriteBlocks  bsp_driver_sd.o
    0x08000c78   0x08000c78   0x00000002   Code   RO          671    i.BusFault_Handler  stm32f4xx_it.o
    0x08000c7a   0x08000c7a   0x00000002   Code   RO          672    i.DebugMon_Handler  stm32f4xx_it.o
    0x08000c7c   0x08000c7c   0x00000006   Code   RO         4136    i.FATFS_LinkDriver  ff_gen_drv.o
    0x08000c82   0x08000c82   0x00000002   PAD
    0x08000c84   0x08000c84   0x00000040   Code   RO         4137    i.FATFS_LinkDriverEx  ff_gen_drv.o
    0x08000cc4   0x08000cc4   0x0000014c   Code   RO          950    i.HAL_ADC_ConfigChannel  stm32f4xx_hal_adc.o
    0x08000e10   0x08000e10   0x00000004   Code   RO          956    i.HAL_ADC_GetState  stm32f4xx_hal_adc.o
    0x08000e14   0x08000e14   0x00000006   Code   RO          957    i.HAL_ADC_GetValue  stm32f4xx_hal_adc.o
    0x08000e1a   0x08000e1a   0x00000054   Code   RO          959    i.HAL_ADC_Init      stm32f4xx_hal_adc.o
    0x08000e6e   0x08000e6e   0x00000002   PAD
    0x08000e70   0x08000e70   0x00000060   Code   RO          747    i.HAL_ADC_MspInit   stm32f4xx_hal_msp.o
    0x08000ed0   0x08000ed0   0x000000a2   Code   RO          963    i.HAL_ADC_PollForConversion  stm32f4xx_hal_adc.o
    0x08000f72   0x08000f72   0x00000002   PAD
    0x08000f74   0x08000f74   0x000000ec   Code   RO          965    i.HAL_ADC_Start     stm32f4xx_hal_adc.o
    0x08001060   0x08001060   0x00000024   Code   RO         2101    i.HAL_Delay         stm32f4xx_hal.o
    0x08001084   0x08001084   0x000001b8   Code   RO         1575    i.HAL_GPIO_Init     stm32f4xx_hal_gpio.o
    0x0800123c   0x0800123c   0x0000000a   Code   RO         1577    i.HAL_GPIO_ReadPin  stm32f4xx_hal_gpio.o
    0x08001246   0x08001246   0x0000000e   Code   RO         1578    i.HAL_GPIO_TogglePin  stm32f4xx_hal_gpio.o
    0x08001254   0x08001254   0x0000000a   Code   RO         1579    i.HAL_GPIO_WritePin  stm32f4xx_hal_gpio.o
    0x0800125e   0x0800125e   0x00000002   PAD
    0x08001260   0x08001260   0x0000000c   Code   RO         2107    i.HAL_GetTick       stm32f4xx_hal.o
    0x0800126c   0x0800126c   0x00000188   Code   RO         2363    i.HAL_I2C_Init      stm32f4xx_hal_i2c.o
    0x080013f4   0x080013f4   0x000001e0   Code   RO         2369    i.HAL_I2C_Master_Receive  stm32f4xx_hal_i2c.o
    0x080015d4   0x080015d4   0x0000012c   Code   RO         2376    i.HAL_I2C_Master_Transmit  stm32f4xx_hal_i2c.o
    0x08001700   0x08001700   0x000001f8   Code   RO         2381    i.HAL_I2C_Mem_Read  stm32f4xx_hal_i2c.o
    0x080018f8   0x080018f8   0x00000130   Code   RO         2384    i.HAL_I2C_Mem_Write  stm32f4xx_hal_i2c.o
    0x08001a28   0x08001a28   0x00000110   Code   RO          749    i.HAL_I2C_MspInit   stm32f4xx_hal_msp.o
    0x08001b38   0x08001b38   0x00000010   Code   RO         2113    i.HAL_IncTick       stm32f4xx_hal.o
    0x08001b48   0x08001b48   0x00000034   Code   RO         2114    i.HAL_Init          stm32f4xx_hal.o
    0x08001b7c   0x08001b7c   0x00000040   Code   RO         2115    i.HAL_InitTick      stm32f4xx_hal.o
    0x08001bbc   0x08001bbc   0x00000034   Code   RO          750    i.HAL_MspInit       stm32f4xx_hal_msp.o
    0x08001bf0   0x08001bf0   0x00000040   Code   RO         1970    i.HAL_NVIC_SetPriority  stm32f4xx_hal_cortex.o
    0x08001c30   0x08001c30   0x00000024   Code   RO         1971    i.HAL_NVIC_SetPriorityGrouping  stm32f4xx_hal_cortex.o
    0x08001c54   0x08001c54   0x00000134   Code   RO         1221    i.HAL_RCC_ClockConfig  stm32f4xx_hal_rcc.o
    0x08001d88   0x08001d88   0x00000040   Code   RO         1225    i.HAL_RCC_GetClockConfig  stm32f4xx_hal_rcc.o
    0x08001dc8   0x08001dc8   0x00000020   Code   RO         1228    i.HAL_RCC_GetPCLK1Freq  stm32f4xx_hal_rcc.o
    0x08001de8   0x08001de8   0x00000020   Code   RO         1229    i.HAL_RCC_GetPCLK2Freq  stm32f4xx_hal_rcc.o
    0x08001e08   0x08001e08   0x00000060   Code   RO         1230    i.HAL_RCC_GetSysClockFreq  stm32f4xx_hal_rcc.o
    0x08001e68   0x08001e68   0x0000035c   Code   RO         1233    i.HAL_RCC_OscConfig  stm32f4xx_hal_rcc.o
    0x080021c4   0x080021c4   0x00000198   Code   RO         3069    i.HAL_SD_GetCardCSD  stm32f4xx_hal_sd.o
    0x0800235c   0x0800235c   0x00000024   Code   RO         3070    i.HAL_SD_GetCardInfo  stm32f4xx_hal_sd.o
    0x08002380   0x08002380   0x0000002c   Code   RO         3071    i.HAL_SD_GetCardState  stm32f4xx_hal_sd.o
    0x080023ac   0x080023ac   0x00000036   Code   RO         3076    i.HAL_SD_Init       stm32f4xx_hal_sd.o
    0x080023e2   0x080023e2   0x00000002   PAD
    0x080023e4   0x080023e4   0x00000054   Code   RO         3077    i.HAL_SD_InitCard   stm32f4xx_hal_sd.o
    0x08002438   0x08002438   0x00000094   Code   RO          752    i.HAL_SD_MspInit    stm32f4xx_hal_msp.o
    0x080024cc   0x080024cc   0x000001f8   Code   RO         3080    i.HAL_SD_ReadBlocks  stm32f4xx_hal_sd.o
    0x080026c4   0x080026c4   0x000001cc   Code   RO         3085    i.HAL_SD_WriteBlocks  stm32f4xx_hal_sd.o
    0x08002890   0x08002890   0x00000028   Code   RO         1975    i.HAL_SYSTICK_Config  stm32f4xx_hal_cortex.o
    0x080028b8   0x080028b8   0x00000062   Code   RO         3347    i.HAL_UART_Init     stm32f4xx_hal_uart.o
    0x0800291a   0x0800291a   0x00000002   PAD
    0x0800291c   0x0800291c   0x00000068   Code   RO          754    i.HAL_UART_MspInit  stm32f4xx_hal_msp.o
    0x08002984   0x08002984   0x00000002   Code   RO          673    i.HardFault_Handler  stm32f4xx_it.o
    0x08002986   0x08002986   0x0000002e   Code   RO         2405    i.I2C_IsAcknowledgeFailed  stm32f4xx_hal_i2c.o
    0x080029b4   0x080029b4   0x000000ec   Code   RO         2408    i.I2C_MasterRequestRead  stm32f4xx_hal_i2c.o
    0x08002aa0   0x08002aa0   0x0000009c   Code   RO         2409    i.I2C_MasterRequestWrite  stm32f4xx_hal_i2c.o
    0x08002b3c   0x08002b3c   0x000000fc   Code   RO         2415    i.I2C_RequestMemoryRead  stm32f4xx_hal_i2c.o
    0x08002c38   0x08002c38   0x000000a8   Code   RO         2416    i.I2C_RequestMemoryWrite  stm32f4xx_hal_i2c.o
    0x08002ce0   0x08002ce0   0x0000004c   Code   RO         2419    i.I2C_WaitOnBTFFlagUntilTimeout  stm32f4xx_hal_i2c.o
    0x08002d2c   0x08002d2c   0x00000068   Code   RO         2420    i.I2C_WaitOnFlagUntilTimeout  stm32f4xx_hal_i2c.o
    0x08002d94   0x08002d94   0x00000096   Code   RO         2421    i.I2C_WaitOnMasterAddressFlagUntilTimeout  stm32f4xx_hal_i2c.o
    0x08002e2a   0x08002e2a   0x00000066   Code   RO         2422    i.I2C_WaitOnRXNEFlagUntilTimeout  stm32f4xx_hal_i2c.o
    0x08002e90   0x08002e90   0x0000004c   Code   RO         2423    i.I2C_WaitOnTXEFlagUntilTimeout  stm32f4xx_hal_i2c.o
    0x08002edc   0x08002edc   0x00000088   Code   RO           15    i.LCD1602_Begin4BIT  stm_my_lcd16x2.o
    0x08002f64   0x08002f64   0x0000002c   Code   RO           17    i.LCD1602_EnablePulse  stm_my_lcd16x2.o
    0x08002f90   0x08002f90   0x00000014   Code   RO           21    i.LCD1602_RS        stm_my_lcd16x2.o
    0x08002fa4   0x08002fa4   0x00000094   Code   RO           22    i.LCD1602_TIM_Config  stm_my_lcd16x2.o
    0x08003038   0x08003038   0x0000002c   Code   RO           23    i.LCD1602_TIM_MicorSecDelay  stm_my_lcd16x2.o
    0x08003064   0x08003064   0x000000e4   Code   RO           36    i.LCD1602_write     stm_my_lcd16x2.o
    0x08003148   0x08003148   0x00000048   Code   RO           37    i.LCD1602_write4bitCommand  stm_my_lcd16x2.o
    0x08003190   0x08003190   0x00000014   Code   RO           38    i.LCD1602_writeCommand  stm_my_lcd16x2.o
    0x080031a4   0x080031a4   0x00000058   Code   RO          297    i.MX_ADC1_Init      main.o
    0x080031fc   0x080031fc   0x0000001c   Code   RO          609    i.MX_FATFS_Init     fatfs.o
    0x08003218   0x08003218   0x000000c8   Code   RO          298    i.MX_GPIO_Init      main.o
    0x080032e0   0x080032e0   0x00000002   Code   RO          674    i.MemManage_Handler  stm32f4xx_it.o
    0x080032e2   0x080032e2   0x00000002   Code   RO          675    i.NMI_Handler       stm32f4xx_it.o
    0x080032e4   0x080032e4   0x00000002   Code   RO          676    i.PendSV_Handler    stm32f4xx_it.o
    0x080032e6   0x080032e6   0x00000002   PAD
    0x080032e8   0x080032e8   0x00000058   Code   RO          299    i.Read_Adc          main.o
    0x08003340   0x08003340   0x00000024   Code   RO         2797    i.SDIO_ConfigData   stm32f4xx_ll_sdmmc.o
    0x08003364   0x08003364   0x00000008   Code   RO         2801    i.SDIO_GetPowerState  stm32f4xx_ll_sdmmc.o
    0x0800336c   0x0800336c   0x00000006   Code   RO         2802    i.SDIO_GetResponse  stm32f4xx_ll_sdmmc.o
    0x08003372   0x08003372   0x00000024   Code   RO         2803    i.SDIO_Init         stm32f4xx_ll_sdmmc.o
    0x08003396   0x08003396   0x00000010   Code   RO         2805    i.SDIO_PowerState_ON  stm32f4xx_ll_sdmmc.o
    0x080033a6   0x080033a6   0x00000006   Code   RO         2806    i.SDIO_ReadFIFO     stm32f4xx_ll_sdmmc.o
    0x080033ac   0x080033ac   0x00000020   Code   RO         2807    i.SDIO_SendCommand  stm32f4xx_ll_sdmmc.o
    0x080033cc   0x080033cc   0x0000000a   Code   RO         2809    i.SDIO_WriteFIFO    stm32f4xx_ll_sdmmc.o
    0x080033d6   0x080033d6   0x00000032   Code   RO         2810    i.SDMMC_CmdAppCommand  stm32f4xx_ll_sdmmc.o
    0x08003408   0x08003408   0x00000034   Code   RO         2811    i.SDMMC_CmdAppOperCommand  stm32f4xx_ll_sdmmc.o
    0x0800343c   0x0800343c   0x00000032   Code   RO         2812    i.SDMMC_CmdBlockLength  stm32f4xx_ll_sdmmc.o
    0x0800346e   0x0800346e   0x00000002   PAD
    0x08003470   0x08003470   0x00000050   Code   RO         2817    i.SDMMC_CmdGoIdleState  stm32f4xx_ll_sdmmc.o
    0x080034c0   0x080034c0   0x00000074   Code   RO         2819    i.SDMMC_CmdOperCond  stm32f4xx_ll_sdmmc.o
    0x08003534   0x08003534   0x00000032   Code   RO         2820    i.SDMMC_CmdReadMultiBlock  stm32f4xx_ll_sdmmc.o
    0x08003566   0x08003566   0x00000032   Code   RO         2821    i.SDMMC_CmdReadSingleBlock  stm32f4xx_ll_sdmmc.o
    0x08003598   0x08003598   0x00000032   Code   RO         2824    i.SDMMC_CmdSelDesel  stm32f4xx_ll_sdmmc.o
    0x080035ca   0x080035ca   0x0000002c   Code   RO         2825    i.SDMMC_CmdSendCID  stm32f4xx_ll_sdmmc.o
    0x080035f6   0x080035f6   0x0000002c   Code   RO         2826    i.SDMMC_CmdSendCSD  stm32f4xx_ll_sdmmc.o
    0x08003622   0x08003622   0x00000032   Code   RO         2828    i.SDMMC_CmdSendStatus  stm32f4xx_ll_sdmmc.o
    0x08003654   0x08003654   0x00000030   Code   RO         2829    i.SDMMC_CmdSetRelAdd  stm32f4xx_ll_sdmmc.o
    0x08003684   0x08003684   0x00000034   Code   RO         2831    i.SDMMC_CmdStopTransfer  stm32f4xx_ll_sdmmc.o
    0x080036b8   0x080036b8   0x00000032   Code   RO         2833    i.SDMMC_CmdWriteMultiBlock  stm32f4xx_ll_sdmmc.o
    0x080036ea   0x080036ea   0x00000032   Code   RO         2834    i.SDMMC_CmdWriteSingleBlock  stm32f4xx_ll_sdmmc.o
    0x0800371c   0x0800371c   0x00000120   Code   RO         2835    i.SDMMC_GetCmdResp1  stm32f4xx_ll_sdmmc.o
    0x0800383c   0x0800383c   0x00000050   Code   RO         2836    i.SDMMC_GetCmdResp2  stm32f4xx_ll_sdmmc.o
    0x0800388c   0x0800388c   0x00000044   Code   RO         2837    i.SDMMC_GetCmdResp3  stm32f4xx_ll_sdmmc.o
    0x080038d0   0x080038d0   0x00000088   Code   RO         2838    i.SDMMC_GetCmdResp6  stm32f4xx_ll_sdmmc.o
    0x08003958   0x08003958   0x00000020   Code   RO          549    i.SD_CheckStatus    sd_diskio.o
    0x08003978   0x08003978   0x000000ee   Code   RO         3094    i.SD_InitCard       stm32f4xx_hal_sd.o
    0x08003a66   0x08003a66   0x00000002   PAD
    0x08003a68   0x08003a68   0x000000b4   Code   RO         3095    i.SD_PowerON        stm32f4xx_hal_sd.o
    0x08003b1c   0x08003b1c   0x00000020   Code   RO          550    i.SD_initialize     sd_diskio.o
    0x08003b3c   0x08003b3c   0x00000050   Code   RO          551    i.SD_ioctl          sd_diskio.o
    0x08003b8c   0x08003b8c   0x00000026   Code   RO          552    i.SD_read           sd_diskio.o
    0x08003bb2   0x08003bb2   0x00000004   Code   RO          553    i.SD_status         sd_diskio.o
    0x08003bb6   0x08003bb6   0x00000002   PAD
    0x08003bb8   0x08003bb8   0x00000026   Code   RO          554    i.SD_write          sd_diskio.o
    0x08003bde   0x08003bde   0x00000002   PAD
    0x08003be0   0x08003be0   0x00000038   Code   RO          818    i.SHT3X_Update      sht3x.o
    0x08003c18   0x08003c18   0x00000050   Code   RO          819    i.SHT3X_getHumidity  sht3x.o
    0x08003c68   0x08003c68   0x0000005c   Code   RO          820    i.SHT3X_getTemperature  sht3x.o
    0x08003cc4   0x08003cc4   0x00000002   Code   RO          677    i.SVC_Handler       stm32f4xx_it.o
    0x08003cc6   0x08003cc6   0x00000004   Code   RO          678    i.SysTick_Handler   stm32f4xx_it.o
    0x08003cca   0x08003cca   0x00000002   PAD
    0x08003ccc   0x08003ccc   0x00000084   Code   RO          300    i.SystemClock_Config  main.o
    0x08003d50   0x08003d50   0x0000001c   Code   RO         3712    i.SystemInit        system_stm32f4xx.o
    0x08003d6c   0x08003d6c   0x00000128   Code   RO         3373    i.UART_SetConfig    stm32f4xx_hal_uart.o
    0x08003e94   0x08003e94   0x0000001a   Code   RO          301    i.USART_Puts        main.o
    0x08003eae   0x08003eae   0x00000002   Code   RO          679    i.UsageFault_Handler  stm32f4xx_it.o
    0x08003eb0   0x08003eb0   0x00000028   Code   RO         4467    i.__0sprintf        mc_w.l(printfa.o)
    0x08003ed8   0x08003ed8   0x00000030   Code   RO         4527    i.__ARM_fpclassify  m_wm.l(fpclassify.o)
    0x08003f08   0x08003f08   0x00000020   Code   RO         1977    i.__NVIC_SetPriority  stm32f4xx_hal_cortex.o
    0x08003f28   0x08003f28   0x00000c50   Code   RO         4207    i.__hardfp_pow      m_wm.l(pow.o)
    0x08004b78   0x08004b78   0x000000f8   Code   RO         4529    i.__kernel_poly     m_wm.l(poly.o)
    0x08004c70   0x08004c70   0x00000030   Code   RO         4507    i.__mathlib_dbl_divzero  m_wm.l(dunder.o)
    0x08004ca0   0x08004ca0   0x00000014   Code   RO         4509    i.__mathlib_dbl_infnan2  m_wm.l(dunder.o)
    0x08004cb4   0x08004cb4   0x00000004   PAD
    0x08004cb8   0x08004cb8   0x00000020   Code   RO         4510    i.__mathlib_dbl_invalid  m_wm.l(dunder.o)
    0x08004cd8   0x08004cd8   0x00000020   Code   RO         4511    i.__mathlib_dbl_overflow  m_wm.l(dunder.o)
    0x08004cf8   0x08004cf8   0x00000020   Code   RO         4513    i.__mathlib_dbl_underflow  m_wm.l(dunder.o)
    0x08004d18   0x08004d18   0x0000000e   Code   RO         4601    i.__scatterload_copy  mc_w.l(handlers.o)
    0x08004d26   0x08004d26   0x00000002   Code   RO         4602    i.__scatterload_null  mc_w.l(handlers.o)
    0x08004d28   0x08004d28   0x0000000e   Code   RO         4603    i.__scatterload_zeroinit  mc_w.l(handlers.o)
    0x08004d36   0x08004d36   0x00000002   PAD
    0x08004d38   0x08004d38   0x0000000c   Code   RO         4571    i.__set_errno       mc_w.l(errno.o)
    0x08004d44   0x08004d44   0x00000184   Code   RO         4472    i._fp_digits        mc_w.l(printfa.o)
    0x08004ec8   0x08004ec8   0x000006dc   Code   RO         4473    i._printf_core      mc_w.l(printfa.o)
    0x080055a4   0x080055a4   0x00000024   Code   RO         4474    i._printf_post_padding  mc_w.l(printfa.o)
    0x080055c8   0x080055c8   0x0000002e   Code   RO         4475    i._printf_pre_padding  mc_w.l(printfa.o)
    0x080055f6   0x080055f6   0x0000000a   Code   RO         4477    i._sputc            mc_w.l(printfa.o)
    0x08005600   0x08005600   0x00000070   Code   RO          857    i.bmp_init          bmp085.o
    0x08005670   0x08005670   0x00000070   Code   RO         3804    i.check_fs          ff.o
    0x080056e0   0x080056e0   0x0000005c   Code   RO         3805    i.chk_lock          ff.o
    0x0800573c   0x0800573c   0x00000020   Code   RO         3806    i.clear_lock        ff.o
    0x0800575c   0x0800575c   0x00000024   Code   RO         3807    i.clmt_clust        ff.o
    0x08005780   0x08005780   0x00000018   Code   RO         3808    i.clust2sect        ff.o
    0x08005798   0x08005798   0x000000a4   Code   RO         3809    i.create_chain      ff.o
    0x0800583c   0x0800583c   0x000000bc   Code   RO         3810    i.create_name       ff.o
    0x080058f8   0x080058f8   0x00000034   Code   RO         3811    i.dec_lock          ff.o
    0x0800592c   0x0800592c   0x00000064   Code   RO         3812    i.dir_find          ff.o
    0x08005990   0x08005990   0x000000f4   Code   RO         3813    i.dir_next          ff.o
    0x08005a84   0x08005a84   0x00000066   Code   RO         3815    i.dir_register      ff.o
    0x08005aea   0x08005aea   0x00000082   Code   RO         3817    i.dir_sdi           ff.o
    0x08005b6c   0x08005b6c   0x00000028   Code   RO         3749    i.disk_initialize   diskio.o
    0x08005b94   0x08005b94   0x0000001c   Code   RO         3750    i.disk_ioctl        diskio.o
    0x08005bb0   0x08005bb0   0x0000001c   Code   RO         3751    i.disk_read         diskio.o
    0x08005bcc   0x08005bcc   0x00000018   Code   RO         3752    i.disk_status       diskio.o
    0x08005be4   0x08005be4   0x0000001c   Code   RO         3753    i.disk_write        diskio.o
    0x08005c00   0x08005c00   0x00000028   Code   RO         3818    i.f_close           ff.o
    0x08005c28   0x08005c28   0x00000058   Code   RO         3825    i.f_mount           ff.o
    0x08005c80   0x08005c80   0x0000020c   Code   RO         3826    i.f_open            ff.o
    0x08005e8c   0x08005e8c   0x0000008e   Code   RO         3835    i.f_sync            ff.o
    0x08005f1a   0x08005f1a   0x0000018e   Code   RO         3838    i.f_write           ff.o
    0x080060a8   0x080060a8   0x00000018   Code   RO         4523    i.fabs              m_wm.l(fabs.o)
    0x080060c0   0x080060c0   0x00000254   Code   RO         3839    i.find_volume       ff.o
    0x08006314   0x08006314   0x00000074   Code   RO         3840    i.follow_path       ff.o
    0x08006388   0x08006388   0x0000008c   Code   RO          858    i.get_altitude      bmp085.o
    0x08006414   0x08006414   0x000000be   Code   RO         3841    i.get_fat           ff.o
    0x080064d2   0x080064d2   0x00000004   Code   RO          610    i.get_fattime       fatfs.o
    0x080064d6   0x080064d6   0x0000003c   Code   RO         3843    i.get_ldnumber      ff.o
    0x08006512   0x08006512   0x00000002   PAD
    0x08006514   0x08006514   0x000000dc   Code   RO          859    i.get_pressure      bmp085.o
    0x080065f0   0x080065f0   0x00000068   Code   RO          860    i.get_temp          bmp085.o
    0x08006658   0x08006658   0x00000068   Code   RO          861    i.get_up            bmp085.o
    0x080066c0   0x080066c0   0x00000048   Code   RO          862    i.get_ut            bmp085.o
    0x08006708   0x08006708   0x00000080   Code   RO         3844    i.inc_lock          ff.o
    0x08006788   0x08006788   0x00000026   Code   RO         3845    i.ld_clust          ff.o
    0x080067ae   0x080067ae   0x00000016   Code   RO         3846    i.ld_dword          ff.o
    0x080067c4   0x080067c4   0x0000000a   Code   RO         3847    i.ld_word           ff.o
    0x080067ce   0x080067ce   0x00000002   PAD
    0x080067d0   0x080067d0   0x0000027c   Code   RO          302    i.main              main.o
    0x08006a4c   0x08006a4c   0x00000012   Code   RO         3848    i.mem_cpy           ff.o
    0x08006a5e   0x08006a5e   0x00000002   PAD
    0x08006a60   0x08006a60   0x0000000e   Code   RO         3849    i.mem_set           ff.o
    0x08006a6e   0x08006a6e   0x00000032   Code   RO         3850    i.move_window       ff.o
    0x08006aa0   0x08006aa0   0x000000ea   Code   RO         3851    i.put_fat           ff.o
    0x08006b8a   0x08006b8a   0x00000002   PAD
    0x08006b8c   0x08006b8c   0x00000070   Code   RO          863    i.read_calib_data   bmp085.o
    0x08006bfc   0x08006bfc   0x00000074   Code   RO         3854    i.remove_chain      ff.o
    0x08006c70   0x08006c70   0x0000006e   Code   RO         4534    i.sqrt              m_wm.l(sqrt.o)
    0x08006cde   0x08006cde   0x00000028   Code   RO         3855    i.st_clust          ff.o
    0x08006d06   0x08006d06   0x00000010   Code   RO         3856    i.st_dword          ff.o
    0x08006d16   0x08006d16   0x00000008   Code   RO         3857    i.st_word           ff.o
    0x08006d1e   0x08006d1e   0x00000002   PAD
    0x08006d20   0x08006d20   0x00000088   Code   RO         3858    i.sync_fs           ff.o
    0x08006da8   0x08006da8   0x00000052   Code   RO         3859    i.sync_window       ff.o
    0x08006dfa   0x08006dfa   0x00000034   Code   RO         3860    i.validate          ff.o
    0x08006e2e   0x08006e2e   0x00000002   PAD
    0x08006e30   0x08006e30   0x00000014   Data   RO          555    .constdata          sd_diskio.o
    0x08006e44   0x08006e44   0x00000010   Data   RO         3713    .constdata          system_stm32f4xx.o
    0x08006e54   0x08006e54   0x00000008   Data   RO         3714    .constdata          system_stm32f4xx.o
    0x08006e5c   0x08006e5c   0x0000009c   Data   RO         3862    .constdata          ff.o
    0x08006ef8   0x08006ef8   0x00000088   Data   RO         4210    .constdata          m_wm.l(pow.o)
    0x08006f80   0x08006f80   0x00000008   Data   RO         4531    .constdata          m_wm.l(qnan.o)
    0x08006f88   0x08006f88   0x00000054   Data   RO          304    .conststring        main.o
    0x08006fdc   0x08006fdc   0x00000020   Data   RO         4599    Region$$Table       anon$$obj.o


    Execution Region RW_IRAM1 (Exec base: 0x20000000, Load base: 0x08006ffc, Size: 0x000042a0, Max: 0x00020000, ABSOLUTE)

    Exec Addr    Load Addr    Size         Type   Attr      Idx    E Section Name        Object

    0x20000000   0x08006ffc   0x00000024   Data   RW           39    .data               stm_my_lcd16x2.o
    0x20000024   0x08007020   0x00000018   Data   RW          305    .data               main.o
    0x2000003c   0x08007038   0x00000001   Data   RW          556    .data               sd_diskio.o
    0x2000003d   0x08007039   0x00000005   Data   RW          613    .data               fatfs.o
    0x20000042   0x0800703e   0x00000006   Data   RW          821    .data               sht3x.o
    0x20000048   0x08007044   0x0000000c   Data   RW         2121    .data               stm32f4xx_hal.o
    0x20000054   0x08007050   0x00000008   Data   RW         3655    .data               bh1750.o
    0x2000005c   0x08007058   0x00000004   Data   RW         3715    .data               system_stm32f4xx.o
    0x20000060   0x0800705c   0x00000008   Data   RW         3863    .data               ff.o
    0x20000068   0x08007064   0x00000004   Data   RW         4572    .data               mc_w.l(errno.o)
    0x2000006c        -       0x00000208   Zero   RW          303    .bss                main.o
    0x20000274        -       0x00000020   Zero   RW         3861    .bss                ff.o
    0x20000294        -       0x0000000c   Zero   RW         4140    .bss                ff_gen_drv.o
    0x200002a0        -       0x00004000   Zero   RW            1    STACK               startup_stm32f407xx.o


==============================================================================

Image component sizes


      Code (inc. data)   RO Data    RW Data    ZI Data      Debug   Object Name

       328         36          0          8          0       3693   bh1750.o
       864         74          0          0          0       5442   bmp085.o
       154         24          0          0          0       4094   bsp_driver_sd.o
       148         22          0          0          0       3909   diskio.o
        32         10          0          5          0       1580   fatfs.o
        24          4          0          0          0        573   fatfs_platform.o
      4394         80        156          8         32      38893   ff.o
        70          6          0          0         12       1719   ff_gen_drv.o
      1170        130         84         24        520      13749   main.o
       224         14         20          1          0       4588   sd_diskio.o
       228         58          0          6          0       2246   sht3x.o
        36          8        392          0      16384        864   startup_stm32f407xx.o
       180         28          0         12          0       9637   stm32f4xx_hal.o
      1120         54          0          0          0       6065   stm32f4xx_hal_adc.o
       172         14          0          0          0      33402   stm32f4xx_hal_cortex.o
       474         46          0          0          0       3820   stm32f4xx_hal_gpio.o
      3346         86          0          0          0      17989   stm32f4xx_hal_i2c.o
       672         74          0          0          0       4194   stm32f4xx_hal_msp.o
      1392         88          0          0          0       6085   stm32f4xx_hal_rcc.o
      2008         28          0          0          0      10532   stm32f4xx_hal_sd.o
       394         10          0          0          0       2136   stm32f4xx_hal_uart.o
        20          0          0          0          0       4346   stm32f4xx_it.o
      1558         46          0          0          0      22368   stm32f4xx_ll_sdmmc.o
       712         46          0         36          0     705874   stm_my_lcd16x2.o
        28          6         24          4          0       1215   system_stm32f4xx.o

    ----------------------------------------------------------------------
     19786        992        708        104      16948     909013   Object Totals
         0          0         32          0          0          0   (incl. Generated)
        38          0          0          0          0          0   (incl. Padding)

    ----------------------------------------------------------------------

      Code (inc. data)   RO Data    RW Data    ZI Data      Debug   Library Member Name

       164         44          0          0          0        620   dunder.o
        24          0          0          0          0        124   fabs.o
        48          0          0          0          0        124   fpclassify.o
       248          0          0          0          0        152   poly.o
      3152        296        136          0          0        352   pow.o
         0          0          8          0          0          0   qnan.o
       110          0          0          0          0        148   sqrt.o
         0          0          0          0          0          0   entry.o
         0          0          0          0          0          0   entry10a.o
         0          0          0          0          0          0   entry11a.o
         8          4          0          0          0          0   entry2.o
         4          0          0          0          0          0   entry5.o
         0          0          0          0          0          0   entry7b.o
         0          0          0          0          0          0   entry8b.o
         8          4          0          0          0          0   entry9a.o
        12          6          0          4          0         68   errno.o
        30          0          0          0          0          0   handlers.o
        36          8          0          0          0         68   init.o
         0          0          0          0          0          0   iusefp.o
        30          0          0          0          0         68   llshl.o
        36          0          0          0          0         68   llsshr.o
        32          0          0          0          0         68   llushr.o
        36          0          0          0          0         68   memcpya.o
        36          0          0          0          0        108   memseta.o
      2276         86          0          0          0        520   printfa.o
        44          0          0          0          0         80   uidiv.o
        98          0          0          0          0         92   uldiv.o
        48          0          0          0          0         68   cdrcmple.o
        56          0          0          0          0         88   d2f.o
       334          0          0          0          0        148   dadd.o
       222          0          0          0          0        100   ddiv.o
       186          0          0          0          0        176   depilogue.o
        50          0          0          0          0         76   dfixui.o
        48          0          0          0          0         68   dfixul.o
        34          0          0          0          0         76   dflti.o
        26          0          0          0          0         76   dfltui.o
       228          0          0          0          0         96   dmul.o
        46          0          0          0          0         80   dscalb.o
       162          0          0          0          0        100   dsqrt.o
        38          0          0          0          0         68   f2d.o
       110          0          0          0          0        168   fepilogue.o

    ----------------------------------------------------------------------
      8030        448        144          4          0       4116   Library Totals
        10          0          0          0          0          0   (incl. Padding)

    ----------------------------------------------------------------------

      Code (inc. data)   RO Data    RW Data    ZI Data      Debug   Library Name

      3746        340        144          0          0       1520   m_wm.l
      2686        108          0          4          0       1208   mc_w.l
      1588          0          0          0          0       1388   mf_w.l

    ----------------------------------------------------------------------
      8030        448        144          4          0       4116   Library Totals

    ----------------------------------------------------------------------

==============================================================================


      Code (inc. data)   RO Data    RW Data    ZI Data      Debug   

     27816       1440        852        108      16948     893681   Grand Totals
     27816       1440        852        108      16948     893681   ELF Image Totals
     27816       1440        852        108          0          0   ROM Totals

==============================================================================

    Total RO  Size (Code + RO Data)                28668 (  28.00kB)
    Total RW  Size (RW Data + ZI Data)             17056 (  16.66kB)
    Total ROM Size (Code + RO Data + RW Data)      28776 (  28.10kB)

==============================================================================

