<html>
<body>
<pre>
<h1>µVision Build Log</h1>
<h2>Tool Versions:</h2>
IDE-Version: µVision V5.29.0.0
Copyright (C) 2019 ARM Ltd and ARM Germany GmbH. All rights reserved.
License Information: Facundo Kremer, Pastrana, LIC=----
 
Tool Versions:
Toolchain:       MDK-Lite  Version: 5.29.0.0
Toolchain Path:  C:\Keil_v5\ARM\ARMCC\Bin
C Compiler:      Armcc.exe V5.06 update 6 (build 750)
Assembler:       Armasm.exe V5.06 update 6 (build 750)
Linker/Locator:  ArmLink.exe V5.06 update 6 (build 750)
Library Manager: ArmAr.exe V5.06 update 6 (build 750)
Hex Converter:   FromElf.exe V5.06 update 6 (build 750)
CPU DLL:         SARMCM3.DLL V5.29.0.0
Dialog DLL:      DCM.DLL V1.17.3.0
Target DLL:      STLink\ST-LINKIII-KEIL_SWO.dll V3.0.7.0
Dialog DLL:      TCM.DLL V1.36.5.0
 
<h2>Project:</h2>
C:\Users\Facu\Desktop\Contamicrap-master\MDK-ARM\HAL_Display16x2_SDCard.uvprojx
Project File Date:  09/01/2020

<h2>Output:</h2>
*** Using Compiler 'V5.06 update 6 (build 750)', folder: 'C:\Keil_v5\ARM\ARMCC\Bin'
Build target 'HAL_Display16x2_SDCard'
compiling main.c...
../Inc/bmp085.h(187): warning:  #1-D: last line of file ends without a newline
  #endif /* BMP180_H_ */
../Inc/BH1750.h(51): warning:  #1-D: last line of file ends without a newline
  #endif /* BH1750_H_ */
../Src/main.c(246): warning:  #223-D: function "sprintf" declared implicitly
  			sprintf(buff, "H: %.2f\t T: %.2f\t T: %.2f\t P: %d\t A: %.2f\t Lx: %.2f\t ADC1: %d\t ADC2: %d\t ADC3: %d\r\n",humidity, temperature, bmp.data.temp, bmp.data.press, bmp.data.altitude,BH1750_lux*2,adc1,adc2,adc3);		
../Src/main.c(256): warning:  #223-D: function "sprintf" declared implicitly
  				sprintf(buff, "ContamiKrap : %d", count++);
../Src/main.c(169): warning:  #177-D: variable "altitud"  was declared but never referenced
  	float altitud = 0.0;
../Src/main.c(170): warning:  #177-D: variable "temp"  was declared but never referenced
  	float temp = 0.0;
../Src/main.c(629): warning:  #177-D: variable "buff"  was declared but never referenced
  		char buff[20];
../Src/main.c: 7 warnings, 0 errors
linking...
Program Size: Code=29304 RO-data=852 RW-data=144 ZI-data=18136  
FromELF: creating hex file...
"HAL_Display16x2_SDCard\HAL_Display16x2_SDCard.axf" - 0 Error(s), 7 Warning(s).

<h2>Software Packages used:</h2>

Package Vendor: ARM
                http://www.keil.com/pack/ARM.CMSIS.5.6.0.pack
                ARM.CMSIS.5.6.0
                CMSIS (Cortex Microcontroller Software Interface Standard)
   * Component: CORE Version: 5.3.0

Package Vendor: Keil
                http://www.keil.com/pack/Keil.STM32F4xx_DFP.2.14.0.pack
                Keil.STM32F4xx_DFP.2.14.0
                STMicroelectronics STM32F4 Series Device Support, Drivers and Examples

<h2>Collection of Component include folders:</h2>
  .\RTE\_HAL_Display16x2_SDCard
  C:\Users\Facu\AppData\Local\Arm\Packs\ARM\CMSIS\5.6.0\CMSIS\Core\Include
  C:\Users\Facu\AppData\Local\Arm\Packs\Keil\STM32F4xx_DFP\2.14.0\Drivers\CMSIS\Device\ST\STM32F4xx\Include

<h2>Collection of Component Files used:</h2>

   * Component: ARM::CMSIS:CORE:5.3.0
Build Time Elapsed:  00:00:03
</pre>
</body>
</html>
